2026-10-09 01:40:35,682 INFO httpx: HTTP Request: POST https://api.iapp.co.th/v3/store/openthai/systemone "HTTP/1.1 200 OK"
2026-10-09 01:40:35,746 INFO httpx: HTTP Request: POST https://api.opentyphoon.ai/v1/chat/completions "HTTP/1.1 200 OK"
2026-10-09 01:40:35,769 INFO httpx: HTTP Request: POST https://api.opentyphoon.ai/v1/chat/completions "HTTP/1.1 200 OK"
2026-10-09 01:40:35,782 INFO httpx: HTTP Request: POST https://api.opentyphoon.ai/v1/chat/completions "HTTP/1.1 200 OK"
2026-10-09 01:40:35,795 INFO httpx: HTTP Request: POST https://api.iapp.co.th/v3/store/openthai/systemone "HTTP/1.1 200 OK"
2026-10-09 01:40:35,866 INFO httpx: HTTP Request: POST https://api.iapp.co.th/v3/store/openthai/systemone "HTTP/1.1 200 OK"
2026-10-09 01:40:35,876 INFO httpx: HTTP Request: POST https://api.opentyphoon.ai/v1/chat/completions "HTTP/1.1 200 OK"
2026-10-09 01:40:35,885 INFO httpx: HTTP Request: POST https://api.opentyphoon.ai/v1/chat/completions "HTTP/1.1 200 OK"
2026-10-09 01:40:35,894 INFO httpx: HTTP Request: POST https://api.opentyphoon.ai/v1/chat/completions "HTTP/1.1 200 OK"
2026-10-09 01:40:35,902 INFO httpx: HTTP Request: POST https://api.iapp.co.th/v3/store/openthai/systemone "HTTP/1.1 200 OK"
2026-10-09 01:40:35,971 INFO httpx: HTTP Request: POST https://api.iapp.co.th/v3/store/openthai/systemone "HTTP/1.1 200 OK"
2026-10-09 01:40:35,980 INFO httpx: HTTP Request: POST https://api.opentyphoon.ai/v1/chat/completions "HTTP/1.1 200 OK"
2026-10-09 01:40:35,990 INFO httpx: HTTP Request: POST https://api.opentyphoon.ai/v1/chat/completions "HTTP/1.1 200 OK"
2026-10-09 01:40:35,999 INFO httpx: HTTP Request: POST https://api.opentyphoon.ai/v1/chat/completions "HTTP/1.1 200 OK"
2026-10-09 01:40:36,006 INFO httpx: HTTP Request: POST https://api.iapp.co.th/v3/store/openthai/systemone "HTTP/1.1 200 OK"
2026-10-09 01:40:36,104 INFO httpx: HTTP Request: POST https://api.iapp.co.th/v3/store/openthai/systemone "HTTP/1.1 200 OK"
2026-10-09 01:40:36,125 INFO httpx: HTTP Request: POST https://api.opentyphoon.ai/v1/chat/completions "HTTP/1.1 200 OK"
2026-10-09 01:40:36,136 INFO httpx: HTTP Request: POST https://api.opentyphoon.ai/v1/chat/completions "HTTP/1.1 200 OK"
2026-10-09 01:40:36,146 INFO httpx: HTTP Request: POST https://api.opentyphoon.ai/v1/chat/completions "HTTP/1.1 200 OK"
2026-10-09 01:40:36,156 INFO httpx: HTTP Request: POST https://api.iapp.co.th/v3/store/openthai/systemone "HTTP/1.1 200 OK"
2026-10-09 01:40:36,229 INFO httpx: HTTP Request: POST https://api.iapp.co.th/v3/store/openthai/systemone "HTTP/1.1 200 OK"
2026-10-09 01:40:36,239 INFO httpx: HTTP Request: POST https://api.opentyphoon.ai/v1/chat/completions "HTTP/1.1 200 OK"
2026-10-09 01:40:36,250 INFO httpx: HTTP Request: POST https://api.opentyphoon.ai/v1/chat/completions "HTTP/1.1 200 OK"
2026-10-09 01:40:36,280 INFO httpx: HTTP Request: POST https://api.opentyphoon.ai/v1/chat/completions "HTTP/1.1 200 OK"
2026-10-09 01:40:36,289 INFO httpx: HTTP Request: POST https://api.iapp.co.th/v3/store/openthai/systemone "HTTP/1.1 200 OK"
2026-10-09 01:40:36,384 INFO httpx: HTTP Request: POST https://api.iapp.co.th/v3/store/openthai/systemone "HTTP/1.1 200 OK"
2026-10-09 01:40:36,400 INFO httpx: HTTP Request: POST https://api.opentyphoon.ai/v1/chat/completions "HTTP/1.1 200 OK"
2026-10-09 01:40:36,409 INFO httpx: HTTP Request: POST https://api.opentyphoon.ai/v1/chat/completions "HTTP/1.1 200 OK"
2026-10-09 01:40:36,422 INFO httpx: HTTP Request: POST https://api.opentyphoon.ai/v1/chat/completions "HTTP/1.1 200 OK"
2026-10-09 01:40:36,435 INFO httpx: HTTP Request: POST https://api.iapp.co.th/v3/store/openthai/systemone "HTTP/1.1 200 OK"
2026-10-09 01:40:36,537 INFO httpx: HTTP Request: POST https://api.iapp.co.th/v3/store/openthai/systemone "HTTP/1.1 200 OK"
2026-10-09 01:40:36,550 INFO httpx: HTTP Request: POST https://api.opentyphoon.ai/v1/chat/completions "HTTP/1.1 200 OK"
2026-10-09 01:40:36,562 INFO httpx: HTTP Request: POST https://api.opentyphoon.ai/v1/chat/completions "HTTP/1.1 200 OK"
2026-10-09 01:40:36,580 INFO httpx: HTTP Request: POST https://api.opentyphoon.ai/v1/chat/completions "HTTP/1.1 200 OK"
2026-10-09 01:40:36,594 INFO httpx: HTTP Request: POST https://api.iapp.co.th/v3/store/openthai/systemone "HTTP/1.1 200 OK"
2026-10-09 01:40:36,679 INFO httpx: HTTP Request: POST https://api.iapp.co.th/v3/store/openthai/systemone "HTTP/1.1 200 OK"
2026-10-09 01:40:36,692 INFO httpx: HTTP Request: POST https://api.opentyphoon.ai/v1/chat/completions "HTTP/1.1 200 OK"
2026-10-09 01:40:36,706 INFO httpx: HTTP Request: POST https://api.opentyphoon.ai/v1/chat/completions "HTTP/1.1 200 OK"
2026-10-09 01:40:36,716 INFO httpx: HTTP Request: POST https://api.opentyphoon.ai/v1/chat/completions "HTTP/1.1 200 OK"
2026-10-09 01:40:36,724 INFO httpx: HTTP Request: POST https://api.iapp.co.th/v3/store/openthai/systemone "HTTP/1.1 200 OK"
2026-10-09 01:40:36,804 INFO httpx: HTTP Request: POST https://api.iapp.co.th/v3/store/openthai/systemone "HTTP/1.1 200 OK"
2026-10-09 01:40:36,816 INFO httpx: HTTP Request: POST https://api.opentyphoon.ai/v1/chat/completions "HTTP/1.1 200 OK"
2026-10-09 01:40:36,829 INFO httpx: HTTP Request: POST https://api.opentyphoon.ai/v1/chat/completions "HTTP/1.1 200 OK"
2026-10-09 01:40:36,838 INFO httpx: HTTP Request: POST https://api.opentyphoon.ai/v1/chat/completions "HTTP/1.1 200 OK"
2026-10-09 01:40:36,846 INFO httpx: HTTP Request: POST https://api.iapp.co.th/v3/store/openthai/systemone "HTTP/1.1 200 OK"
2026-10-09 01:40:36,933 INFO httpx: HTTP Request: POST https://api.iapp.co.th/v3/store/openthai/systemone "HTTP/1.1 200 OK"
2026-10-09 01:40:36,943 INFO httpx: HTTP Request: POST https://api.opentyphoon.ai/v1/chat/completions "HTTP/1.1 200 OK"
2026-10-09 01:40:36,955 INFO httpx: HTTP Request: POST https://api.opentyphoon.ai/v1/chat/completions "HTTP/1.1 200 OK"
2026-10-09 01:40:36,964 INFO httpx: HTTP Request: POST https://api.opentyphoon.ai/v1/chat/completions "HTTP/1.1 200 OK"
2026-10-09 01:40:36,971 INFO httpx: HTTP Request: POST https://api.iapp.co.th/v3/store/openthai/systemone "HTTP/1.1 200 OK"
2026-10-09 01:40:39,884 INFO httpx: HTTP Request: POST https://api.opentyphoon.ai/v1/chat/completions "HTTP/1.1 200 OK"
2026-10-09 01:40:39,892 INFO httpx: HTTP Request: POST https://api.iapp.co.th/v3/store/openthai/systemone "HTTP/1.1 200 OK"
2026-10-09 01:40:39,900 INFO httpx: HTTP Request: POST https://api.opentyphoon.ai/v1/chat/completions "HTTP/1.1 200 OK"
2026-10-09 01:40:39,913 INFO httpx: HTTP Request: POST https://api.iapp.co.th/v3/store/openthai/systemone "HTTP/1.1 200 OK"
2026-10-09 01:40:39,988 INFO httpx: HTTP Request: POST https://api.iapp.co.th/v3/store/openthai/systemone "HTTP/1.1 200 OK"
2026-10-09 01:40:40,000 INFO httpx: HTTP Request: POST https://api.opentyphoon.ai/v1/chat/completions "HTTP/1.1 200 OK"
2026-10-09 01:40:40,014 INFO httpx: HTTP Request: POST https://api.opentyphoon.ai/v1/chat/completions "HTTP/1.1 200 OK"
2026-10-09 01:40:40,032 INFO httpx: HTTP Request: POST https://api.opentyphoon.ai/v1/chat/completions "HTTP/1.1 200 OK"
2026-10-09 01:40:40,041 INFO httpx: HTTP Request: POST https://api.iapp.co.th/v3/store/openthai/systemone "HTTP/1.1 200 OK"
2026-10-09 01:40:43,126 INFO httpx: HTTP Request: POST https://api.opentyphoon.ai/v1/chat/completions "HTTP/1.1 200 OK"
2026-10-09 01:40:43,135 INFO httpx: HTTP Request: POST https://api.iapp.co.th/v3/store/openthai/systemone "HTTP/1.1 200 OK"
2026-10-09 01:40:43,145 INFO httpx: HTTP Request: POST https://api.opentyphoon.ai/v1/chat/completions "HTTP/1.1 200 OK"
2026-10-09 01:40:43,154 INFO httpx: HTTP Request: POST https://api.iapp.co.th/v3/store/openthai/systemone "HTTP/1.1 200 OK"
2026-10-09 01:40:43,157 WARNING labclear.report: range_not_compared shapes=(aa):
2026-10-09 01:40:43,228 INFO httpx: HTTP Request: POST https://api.iapp.co.th/v3/store/openthai/systemone "HTTP/1.1 200 OK"
2026-10-09 01:40:43,238 INFO httpx: HTTP Request: POST https://api.opentyphoon.ai/v1/chat/completions "HTTP/1.1 200 OK"
2026-10-09 01:40:43,256 INFO httpx: HTTP Request: POST https://api.opentyphoon.ai/v1/chat/completions "HTTP/1.1 200 OK"
2026-10-09 01:40:43,269 INFO httpx: HTTP Request: POST https://api.opentyphoon.ai/v1/chat/completions "HTTP/1.1 200 OK"
2026-10-09 01:40:43,276 INFO httpx: HTTP Request: POST https://api.iapp.co.th/v3/store/openthai/systemone "HTTP/1.1 200 OK"
2026-10-09 01:40:46,258 INFO httpx: HTTP Request: POST https://api.opentyphoon.ai/v1/chat/completions "HTTP/1.1 200 OK"
2026-10-09 01:40:46,273 INFO httpx: HTTP Request: POST https://api.iapp.co.th/v3/store/openthai/systemone "HTTP/1.1 200 OK"
2026-10-09 01:40:46,288 INFO httpx: HTTP Request: POST https://api.opentyphoon.ai/v1/chat/completions "HTTP/1.1 200 OK"
2026-10-09 01:40:46,298 INFO httpx: HTTP Request: POST https://api.iapp.co.th/v3/store/openthai/systemone "HTTP/1.1 200 OK"
2026-10-09 01:40:46,301 WARNING labclear.report: range_not_compared shapes=(aaaaaaaaa) | aaaaaaaaaaaaaaaaaaa
2026-10-09 01:40:46,415 INFO httpx: HTTP Request: POST https://api.iapp.co.th/v3/store/openthai/systemone "HTTP/1.1 200 OK"
2026-10-09 01:40:46,432 INFO httpx: HTTP Request: POST https://api.opentyphoon.ai/v1/chat/completions "HTTP/1.1 200 OK"
2026-10-09 01:40:46,447 INFO httpx: HTTP Request: POST https://api.opentyphoon.ai/v1/chat/completions "HTTP/1.1 200 OK"
2026-10-09 01:40:46,467 INFO httpx: HTTP Request: POST https://api.opentyphoon.ai/v1/chat/completions "HTTP/1.1 200 OK"
2026-10-09 01:40:46,477 INFO httpx: HTTP Request: POST https://api.iapp.co.th/v3/store/openthai/systemone "HTTP/1.1 200 OK"
2026-10-09 01:41:38,936 INFO httpx: HTTP Request: POST https://api.opentyphoon.ai/v1/chat/completions "HTTP/1.1 200 OK"
2026-10-09 01:41:38,949 INFO httpx: HTTP Request: POST https://api.iapp.co.th/v3/store/openthai/systemone "HTTP/1.1 200 OK"
2026-10-09 01:41:38,957 INFO httpx: HTTP Request: POST https://api.opentyphoon.ai/v1/chat/completions "HTTP/1.1 200 OK"
2026-10-09 01:41:38,967 INFO httpx: HTTP Request: POST https://api.iapp.co.th/v3/store/openthai/systemone "HTTP/1.1 200 OK"
2026-10-09 01:41:38,969 WARNING labclear.report: range_not_compared shapes=aaa aaaaaaaaaaa
2026-10-09 01:41:39,038 INFO httpx: HTTP Request: POST https://api.iapp.co.th/v3/store/openthai/systemone "HTTP/1.1 200 OK"
2026-10-09 01:41:39,048 INFO httpx: HTTP Request: POST https://api.opentyphoon.ai/v1/chat/completions "HTTP/1.1 200 OK"
2026-10-09 01:41:39,060 INFO httpx: HTTP Request: POST https://api.opentyphoon.ai/v1/chat/completions "HTTP/1.1 200 OK"
2026-10-09 01:41:39,079 INFO httpx: HTTP Request: POST https://api.opentyphoon.ai/v1/chat/completions "HTTP/1.1 200 OK"
2026-10-09 01:41:39,090 INFO httpx: HTTP Request: POST https://api.iapp.co.th/v3/store/openthai/systemone "HTTP/1.1 200 OK"
2026-10-09 01:41:44,377 INFO httpx: HTTP Request: POST https://api.opentyphoon.ai/v1/chat/completions "HTTP/1.1 200 OK"
2026-10-09 01:41:44,388 INFO httpx: HTTP Request: POST https://api.iapp.co.th/v3/store/openthai/systemone "HTTP/1.1 200 OK"
2026-10-09 01:41:44,397 INFO httpx: HTTP Request: POST https://api.opentyphoon.ai/v1/chat/completions "HTTP/1.1 200 OK"
2026-10-09 01:41:44,407 INFO httpx: HTTP Request: POST https://api.iapp.co.th/v3/store/openthai/systemone "HTTP/1.1 200 OK"
2026-10-09 01:41:44,496 INFO httpx: HTTP Request: POST https://api.iapp.co.th/v3/store/openthai/systemone "HTTP/1.1 200 OK"
2026-10-09 01:41:44,509 INFO httpx: HTTP Request: POST https://api.opentyphoon.ai/v1/chat/completions "HTTP/1.1 200 OK"
2026-10-09 01:41:44,521 INFO httpx: HTTP Request: POST https://api.opentyphoon.ai/v1/chat/completions "HTTP/1.1 200 OK"
2026-10-09 01:41:44,540 INFO httpx: HTTP Request: POST https://api.opentyphoon.ai/v1/chat/completions "HTTP/1.1 200 OK"
2026-10-09 01:41:44,547 INFO httpx: HTTP Request: POST https://api.iapp.co.th/v3/store/openthai/systemone "HTTP/1.1 200 OK"
2026-10-09 01:41:44,726 INFO httpx: HTTP Request: POST https://api.iapp.co.th/v3/store/openthai/systemone "HTTP/1.1 200 OK"
2026-10-09 01:41:44,740 INFO httpx: HTTP Request: POST https://api.opentyphoon.ai/v1/chat/completions "HTTP/1.1 200 OK"
2026-10-09 01:41:44,751 INFO httpx: HTTP Request: POST https://api.opentyphoon.ai/v1/chat/completions "HTTP/1.1 200 OK"
2026-10-09 01:41:44,769 INFO httpx: HTTP Request: POST https://api.opentyphoon.ai/v1/chat/completions "HTTP/1.1 200 OK"
2026-10-09 01:41:44,780 INFO httpx: HTTP Request: POST https://api.iapp.co.th/v3/store/openthai/systemone "HTTP/1.1 200 OK"
2026-10-09 01:41:44,856 INFO httpx: HTTP Request: POST https://api.iapp.co.th/v3/store/openthai/systemone "HTTP/1.1 200 OK"
2026-10-09 01:41:44,872 INFO httpx: HTTP Request: POST https://api.opentyphoon.ai/v1/chat/completions "HTTP/1.1 200 OK"
2026-10-09 01:41:44,888 INFO httpx: HTTP Request: POST https://api.opentyphoon.ai/v1/chat/completions "HTTP/1.1 200 OK"
2026-10-09 01:41:44,899 INFO httpx: HTTP Request: POST https://api.opentyphoon.ai/v1/chat/completions "HTTP/1.1 200 OK"
2026-10-09 01:41:44,908 INFO httpx: HTTP Request: POST https://api.iapp.co.th/v3/store/openthai/systemone "HTTP/1.1 200 OK"
2026-10-09 01:41:44,995 INFO httpx: HTTP Request: POST https://api.iapp.co.th/v3/store/openthai/systemone "HTTP/1.1 200 OK"
2026-10-09 01:41:45,008 INFO httpx: HTTP Request: POST https://api.opentyphoon.ai/v1/chat/completions "HTTP/1.1 200 OK"
2026-10-09 01:41:45,021 INFO httpx: HTTP Request: POST https://api.opentyphoon.ai/v1/chat/completions "HTTP/1.1 200 OK"
2026-10-09 01:41:45,032 INFO httpx: HTTP Request: POST https://api.opentyphoon.ai/v1/chat/completions "HTTP/1.1 200 OK"
2026-10-09 01:41:45,045 INFO httpx: HTTP Request: POST https://api.iapp.co.th/v3/store/openthai/systemone "HTTP/1.1 200 OK"
2026-10-09 01:41:45,153 INFO httpx: HTTP Request: POST https://api.iapp.co.th/v3/store/openthai/systemone "HTTP/1.1 200 OK"
2026-10-09 01:41:45,165 INFO httpx: HTTP Request: POST https://api.opentyphoon.ai/v1/chat/completions "HTTP/1.1 200 OK"
2026-10-09 01:41:45,175 INFO httpx: HTTP Request: POST https://api.opentyphoon.ai/v1/chat/completions "HTTP/1.1 200 OK"
2026-10-09 01:41:45,185 INFO httpx: HTTP Request: POST https://api.opentyphoon.ai/v1/chat/completions "HTTP/1.1 200 OK"
2026-10-09 01:41:45,193 INFO httpx: HTTP Request: POST https://api.iapp.co.th/v3/store/openthai/systemone "HTTP/1.1 200 OK"
2026-10-09 01:41:45,277 INFO httpx: HTTP Request: POST https://api.iapp.co.th/v3/store/openthai/systemone "HTTP/1.1 200 OK"
2026-10-09 01:41:45,292 INFO httpx: HTTP Request: POST https://api.opentyphoon.ai/v1/chat/completions "HTTP/1.1 200 OK"
2026-10-09 01:41:45,312 INFO httpx: HTTP Request: POST https://api.opentyphoon.ai/v1/chat/completions "HTTP/1.1 200 OK"
2026-10-09 01:41:45,325 INFO httpx: HTTP Request: POST https://api.opentyphoon.ai/v1/chat/completions "HTTP/1.1 200 OK"
2026-10-09 01:41:45,332 INFO httpx: HTTP Request: POST https://api.iapp.co.th/v3/store/openthai/systemone "HTTP/1.1 200 OK"
2026-10-09 01:41:45,418 INFO httpx: HTTP Request: POST https://api.iapp.co.th/v3/store/openthai/systemone "HTTP/1.1 200 OK"
2026-10-09 01:41:45,428 INFO httpx: HTTP Request: POST https://api.opentyphoon.ai/v1/chat/completions "HTTP/1.1 200 OK"
2026-10-09 01:41:45,438 INFO httpx: HTTP Request: POST https://api.opentyphoon.ai/v1/chat/completions "HTTP/1.1 200 OK"
2026-10-09 01:41:45,448 INFO httpx: HTTP Request: POST https://api.opentyphoon.ai/v1/chat/completions "HTTP/1.1 200 OK"
2026-10-09 01:41:45,455 INFO httpx: HTTP Request: POST https://api.iapp.co.th/v3/store/openthai/systemone "HTTP/1.1 200 OK"
2026-10-09 01:41:45,530 INFO httpx: HTTP Request: POST https://api.iapp.co.th/v3/store/openthai/systemone "HTTP/1.1 200 OK"
2026-10-09 01:41:45,542 INFO httpx: HTTP Request: POST https://api.opentyphoon.ai/v1/chat/completions "HTTP/1.1 200 OK"
2026-10-09 01:41:45,560 INFO httpx: HTTP Request: POST https://api.opentyphoon.ai/v1/chat/completions "HTTP/1.1 200 OK"
2026-10-09 01:41:45,572 INFO httpx: HTTP Request: POST https://api.opentyphoon.ai/v1/chat/completions "HTTP/1.1 200 OK"
2026-10-09 01:41:45,582 INFO httpx: HTTP Request: POST https://api.iapp.co.th/v3/store/openthai/systemone "HTTP/1.1 200 OK"
2026-10-09 01:41:45,653 INFO httpx: HTTP Request: POST https://api.iapp.co.th/v3/store/openthai/systemone "HTTP/1.1 200 OK"
2026-10-09 01:41:45,664 INFO httpx: HTTP Request: POST https://api.opentyphoon.ai/v1/chat/completions "HTTP/1.1 200 OK"
2026-10-09 01:41:45,674 INFO httpx: HTTP Request: POST https://api.opentyphoon.ai/v1/chat/completions "HTTP/1.1 200 OK"
2026-10-09 01:41:45,686 INFO httpx: HTTP Request: POST https://api.opentyphoon.ai/v1/chat/completions "HTTP/1.1 200 OK"
2026-10-09 01:41:45,694 INFO httpx: HTTP Request: POST https://api.iapp.co.th/v3/store/openthai/systemone "HTTP/1.1 200 OK"
2026-10-09 01:41:45,773 INFO httpx: HTTP Request: POST https://api.iapp.co.th/v3/store/openthai/systemone "HTTP/1.1 200 OK"
2026-10-09 01:41:45,783 INFO httpx: HTTP Request: POST https://api.opentyphoon.ai/v1/chat/completions "HTTP/1.1 200 OK"
2026-10-09 01:41:45,793 INFO httpx: HTTP Request: POST https://api.opentyphoon.ai/v1/chat/completions "HTTP/1.1 200 OK"
2026-10-09 01:41:45,804 INFO httpx: HTTP Request: POST https://api.opentyphoon.ai/v1/chat/completions "HTTP/1.1 200 OK"
2026-10-09 01:41:45,812 INFO httpx: HTTP Request: POST https://api.iapp.co.th/v3/store/openthai/systemone "HTTP/1.1 200 OK"
2026-10-09 01:41:46,421 INFO httpx: HTTP Request: POST https://api.iapp.co.th/v3/store/openthai/systemone "HTTP/1.1 200 OK"
2026-10-09 01:41:46,432 INFO httpx: HTTP Request: POST https://api.opentyphoon.ai/v1/chat/completions "HTTP/1.1 200 OK"
2026-10-09 01:41:46,443 INFO httpx: HTTP Request: POST https://api.opentyphoon.ai/v1/chat/completions "HTTP/1.1 200 OK"
2026-10-09 01:41:46,455 INFO httpx: HTTP Request: POST https://api.opentyphoon.ai/v1/chat/completions "HTTP/1.1 200 OK"
2026-10-09 01:41:46,462 INFO httpx: HTTP Request: POST https://api.iapp.co.th/v3/store/openthai/systemone "HTTP/1.1 200 OK"
2026-10-09 01:42:35,700 INFO httpx: HTTP Request: POST https://api.iapp.co.th/v3/store/openthai/systemone "HTTP/1.1 200 OK"
2026-10-09 01:42:35,710 INFO httpx: HTTP Request: POST https://api.opentyphoon.ai/v1/chat/completions "HTTP/1.1 200 OK"
2026-10-09 01:42:35,724 INFO httpx: HTTP Request: POST https://api.opentyphoon.ai/v1/chat/completions "HTTP/1.1 200 OK"
2026-10-09 01:42:35,733 INFO httpx: HTTP Request: POST https://api.opentyphoon.ai/v1/chat/completions "HTTP/1.1 200 OK"
2026-10-09 01:42:35,747 INFO httpx: HTTP Request: POST https://api.iapp.co.th/v3/store/openthai/systemone "HTTP/1.1 200 OK"
2026-10-09 01:42:39,079 INFO httpx: HTTP Request: POST https://api.iapp.co.th/v3/store/openthai/systemone "HTTP/1.1 200 OK"
2026-10-09 01:42:39,093 INFO httpx: HTTP Request: POST https://api.opentyphoon.ai/v1/chat/completions "HTTP/1.1 200 OK"
2026-10-09 01:42:39,111 INFO httpx: HTTP Request: POST https://api.opentyphoon.ai/v1/chat/completions "HTTP/1.1 200 OK"
2026-10-09 01:42:39,123 INFO httpx: HTTP Request: POST https://api.opentyphoon.ai/v1/chat/completions "HTTP/1.1 200 OK"
2026-10-09 01:42:39,135 INFO httpx: HTTP Request: POST https://api.iapp.co.th/v3/store/openthai/systemone "HTTP/1.1 200 OK"
2026-10-09 01:42:39,160 INFO httpx: HTTP Request: POST https://api.iapp.co.th/v3/store/openthai/systemone "HTTP/1.1 200 OK"
2026-10-09 01:42:39,174 INFO httpx: HTTP Request: POST https://api.opentyphoon.ai/v1/chat/completions "HTTP/1.1 200 OK"
2026-10-09 01:42:39,187 INFO httpx: HTTP Request: POST https://api.opentyphoon.ai/v1/chat/completions "HTTP/1.1 200 OK"
2026-10-09 01:42:39,199 INFO httpx: HTTP Request: POST https://api.opentyphoon.ai/v1/chat/completions "HTTP/1.1 200 OK"
2026-10-09 01:42:39,210 INFO httpx: HTTP Request: POST https://api.iapp.co.th/v3/store/openthai/systemone "HTTP/1.1 200 OK"
2026-10-09 01:42:39,290 INFO httpx: HTTP Request: POST https://api.iapp.co.th/v3/store/openthai/systemone "HTTP/1.1 200 OK"
2026-10-09 01:42:39,303 INFO httpx: HTTP Request: POST https://api.opentyphoon.ai/v1/chat/completions "HTTP/1.1 200 OK"
2026-10-09 01:42:39,316 INFO httpx: HTTP Request: POST https://api.opentyphoon.ai/v1/chat/completions "HTTP/1.1 200 OK"
2026-10-09 01:42:39,333 INFO httpx: HTTP Request: POST https://api.opentyphoon.ai/v1/chat/completions "HTTP/1.1 200 OK"
2026-10-09 01:42:39,344 INFO httpx: HTTP Request: POST https://api.iapp.co.th/v3/store/openthai/systemone "HTTP/1.1 200 OK"
2026-10-09 01:42:44,514 INFO httpx: HTTP Request: POST https://api.iapp.co.th/v3/store/openthai/systemone "HTTP/1.1 200 OK"
2026-10-09 01:42:44,525 INFO httpx: HTTP Request: POST https://api.opentyphoon.ai/v1/chat/completions "HTTP/1.1 200 OK"
2026-10-09 01:42:44,537 INFO httpx: HTTP Request: POST https://api.opentyphoon.ai/v1/chat/completions "HTTP/1.1 200 OK"
2026-10-09 01:42:44,546 INFO httpx: HTTP Request: POST https://api.opentyphoon.ai/v1/chat/completions "HTTP/1.1 200 OK"
2026-10-09 01:42:44,555 INFO httpx: HTTP Request: POST https://api.iapp.co.th/v3/store/openthai/systemone "HTTP/1.1 200 OK"
