FF                                                                       [100%]
================================== FAILURES ===================================
____ test_unexpected_workflow_error_does_not_log_private_exception[False] _____

monkeypatch = <_pytest.monkeypatch.MonkeyPatch object at 0x0000016DEDADDEB0>
caplog = <_pytest.logging.LogCaptureFixture object at 0x0000016DEDADDF10>
stream = False

    @pytest.mark.parametrize("stream", [False, True])
    def test_unexpected_workflow_error_does_not_log_private_exception(monkeypatch, caplog, stream):
        from types import SimpleNamespace
        from services import providers
        private = "PRIVATE_REPORT_AND_KEY_CANARY"
        monkeypatch.setattr(providers, "_read_saved", lambda: {})
        caplog.set_level("INFO", logger="labclear.request")
    
        async def run():
            async def disconnected():
                return False
            async def fail(emit):
                raise ValueError(private)
            request = SimpleNamespace(headers={"accept": "application/x-ndjson" if stream else "application/json"},
                                      is_disconnected=disconnected)
            ctx = execution.start("/chat", "ai")
            if stream:
                response = await execution.respond(request, ctx, fail)
                events = [json.loads(line) async for line in response.body_iterator]
                assert events[-1]["code"] == "server_error"
                assert private not in json.dumps(events)
            else:
                with pytest.raises(ConversationError) as error:
                    await execution.respond(request, ctx, fail)
                assert error.value.code == "server_error"
                assert private not in error.value.message
            assert ctx.request_id not in execution.ACTIVE
            assert ctx.slot.released
        asyncio.run(run())
>       assert private not in caplog.text
E       assert 'PRIVATE_REP...D_KEY_CANARY' not in 'ERROR    la...events":0}\n'
E         
E         'PRIVATE_REPORT_AND_KEY_CANARY' is contained here:
E           lueError: PRIVATE_REPORT_AND_KEY_CANARY
E           INFO     labclear.request:execution.py:496 {"event":"workflow","at":1791588751.147,"request_id":"req_2721cb2e86238924","turn_id":null,"route":"/chat","kind":"ai","stream":false,"outcome":"error","status":500,"code":"server_error","origin":"app","step":null,"duration_ms":0,"attempts":0,"dropped_events":0}

tests\test_resilience.py:312: AssertionError
------------------------------ Captured log call ------------------------------
ERROR    labclear.request:execution.py:412 workflow_failed request_id=req_2721cb2e86238924
Traceback (most recent call last):
  File "C:\Users\User\Desktop\myProject\LabClear\services\execution.py", line 397, in work
    result = await bounded(ctx, workflow())
             ^^^^^^^^^^^^^^^^^^^^^^^^^^^^^^
  File "C:\Users\User\Desktop\myProject\LabClear\services\execution.py", line 291, in bounded
    return await work
           ^^^^^^^^^^
  File "C:\Users\User\Desktop\myProject\LabClear\services\execution.py", line 393, in workflow
    return await run(emit)
           ^^^^^^^^^^^^^^^
  File "C:\Users\User\Desktop\myProject\LabClear\tests\test_resilience.py", line 295, in fail
    raise ValueError(private)
ValueError: PRIVATE_REPORT_AND_KEY_CANARY
INFO     labclear.request:execution.py:496 {"event":"workflow","at":1791588751.147,"request_id":"req_2721cb2e86238924","turn_id":null,"route":"/chat","kind":"ai","stream":false,"outcome":"error","status":500,"code":"server_error","origin":"app","step":null,"duration_ms":0,"attempts":0,"dropped_events":0}
_____ test_unexpected_workflow_error_does_not_log_private_exception[True] _____

monkeypatch = <_pytest.monkeypatch.MonkeyPatch object at 0x0000016DEDADDDC0>
caplog = <_pytest.logging.LogCaptureFixture object at 0x0000016DEDADF950>
stream = True

    @pytest.mark.parametrize("stream", [False, True])
    def test_unexpected_workflow_error_does_not_log_private_exception(monkeypatch, caplog, stream):
        from types import SimpleNamespace
        from services import providers
        private = "PRIVATE_REPORT_AND_KEY_CANARY"
        monkeypatch.setattr(providers, "_read_saved", lambda: {})
        caplog.set_level("INFO", logger="labclear.request")
    
        async def run():
            async def disconnected():
                return False
            async def fail(emit):
                raise ValueError(private)
            request = SimpleNamespace(headers={"accept": "application/x-ndjson" if stream else "application/json"},
                                      is_disconnected=disconnected)
            ctx = execution.start("/chat", "ai")
            if stream:
                response = await execution.respond(request, ctx, fail)
                events = [json.loads(line) async for line in response.body_iterator]
                assert events[-1]["code"] == "server_error"
                assert private not in json.dumps(events)
            else:
                with pytest.raises(ConversationError) as error:
                    await execution.respond(request, ctx, fail)
                assert error.value.code == "server_error"
                assert private not in error.value.message
            assert ctx.request_id not in execution.ACTIVE
            assert ctx.slot.released
        asyncio.run(run())
>       assert private not in caplog.text
E       assert 'PRIVATE_REP...D_KEY_CANARY' not in 'ERROR    la...events":0}\n'
E         
E         'PRIVATE_REPORT_AND_KEY_CANARY' is contained here:
E           lueError: PRIVATE_REPORT_AND_KEY_CANARY
E           INFO     labclear.request:execution.py:496 {"event":"workflow","at":1791588751.287,"request_id":"req_d4d8fda5e5286b77","turn_id":null,"route":"/chat","kind":"ai","stream":true,"outcome":"error","status":500,"code":"server_error","origin":"app","step":null,"duration_ms":0,"attempts":0,"dropped_events":0}

tests\test_resilience.py:312: AssertionError
------------------------------ Captured log call ------------------------------
ERROR    labclear.request:execution.py:412 workflow_failed request_id=req_d4d8fda5e5286b77
Traceback (most recent call last):
  File "C:\Users\User\Desktop\myProject\LabClear\services\execution.py", line 397, in work
    result = await bounded(ctx, workflow())
             ^^^^^^^^^^^^^^^^^^^^^^^^^^^^^^
  File "C:\Users\User\Desktop\myProject\LabClear\services\execution.py", line 291, in bounded
    return await work
           ^^^^^^^^^^
  File "C:\Users\User\Desktop\myProject\LabClear\services\execution.py", line 393, in workflow
    return await run(emit)
           ^^^^^^^^^^^^^^^
  File "C:\Users\User\Desktop\myProject\LabClear\tests\test_resilience.py", line 295, in fail
    raise ValueError(private)
ValueError: PRIVATE_REPORT_AND_KEY_CANARY
INFO     labclear.request:execution.py:496 {"event":"workflow","at":1791588751.287,"request_id":"req_d4d8fda5e5286b77","turn_id":null,"route":"/chat","kind":"ai","stream":true,"outcome":"error","status":500,"code":"server_error","origin":"app","step":null,"duration_ms":0,"attempts":0,"dropped_events":0}
============================== warnings summary ===============================
.venv\Lib\site-packages\fastapi\testclient.py:1
  C:\Users\User\Desktop\myProject\LabClear\.venv\Lib\site-packages\fastapi\testclient.py:1: StarletteDeprecationWarning: Using `httpx` with `starlette.testclient` is deprecated; install `httpx2` instead.
    from starlette.testclient import TestClient as TestClient  # noqa

-- Docs: https://docs.pytest.org/en/stable/how-to/capture-warnings.html
=========================== short test summary info ===========================
FAILED tests/test_resilience.py::test_unexpected_workflow_error_does_not_log_private_exception[False]
FAILED tests/test_resilience.py::test_unexpected_workflow_error_does_not_log_private_exception[True]
2 failed, 26 deselected, 1 warning in 0.80s
