2026-10-09 02:19:28,430 INFO httpx: HTTP Request: POST https://api.iapp.co.th/v3/store/openthai/systemone "HTTP/1.1 200 OK"
2026-10-09 02:19:28,441 INFO httpx: HTTP Request: POST https://api.opentyphoon.ai/v1/chat/completions "HTTP/1.1 200 OK"
2026-10-09 02:19:28,478 INFO httpx: HTTP Request: POST https://api.opentyphoon.ai/v1/chat/completions "HTTP/1.1 200 OK"
2026-10-09 02:19:28,488 INFO httpx: HTTP Request: POST https://api.opentyphoon.ai/v1/chat/completions "HTTP/1.1 200 OK"
2026-10-09 02:19:28,497 INFO httpx: HTTP Request: POST https://api.iapp.co.th/v3/store/openthai/systemone "HTTP/1.1 200 OK"
2026-10-09 02:19:28,577 INFO httpx: HTTP Request: POST https://api.iapp.co.th/v3/store/openthai/systemone "HTTP/1.1 200 OK"
2026-10-09 02:19:28,588 INFO httpx: HTTP Request: POST https://api.opentyphoon.ai/v1/chat/completions "HTTP/1.1 200 OK"
2026-10-09 02:19:28,599 INFO httpx: HTTP Request: POST https://api.opentyphoon.ai/v1/chat/completions "HTTP/1.1 200 OK"
2026-10-09 02:19:28,609 INFO httpx: HTTP Request: POST https://api.opentyphoon.ai/v1/chat/completions "HTTP/1.1 200 OK"
2026-10-09 02:19:28,617 INFO httpx: HTTP Request: POST https://api.iapp.co.th/v3/store/openthai/systemone "HTTP/1.1 200 OK"
2026-10-09 02:19:28,688 INFO httpx: HTTP Request: POST https://api.iapp.co.th/v3/store/openthai/systemone "HTTP/1.1 200 OK"
2026-10-09 02:19:28,700 INFO httpx: HTTP Request: POST https://api.opentyphoon.ai/v1/chat/completions "HTTP/1.1 200 OK"
2026-10-09 02:19:28,712 INFO httpx: HTTP Request: POST https://api.opentyphoon.ai/v1/chat/completions "HTTP/1.1 200 OK"
2026-10-09 02:19:28,722 INFO httpx: HTTP Request: POST https://api.opentyphoon.ai/v1/chat/completions "HTTP/1.1 200 OK"
2026-10-09 02:19:28,733 INFO httpx: HTTP Request: POST https://api.iapp.co.th/v3/store/openthai/systemone "HTTP/1.1 200 OK"
2026-10-09 02:19:28,805 INFO httpx: HTTP Request: POST https://api.iapp.co.th/v3/store/openthai/systemone "HTTP/1.1 200 OK"
2026-10-09 02:19:28,817 INFO httpx: HTTP Request: POST https://api.opentyphoon.ai/v1/chat/completions "HTTP/1.1 200 OK"
2026-10-09 02:19:28,828 INFO httpx: HTTP Request: POST https://api.opentyphoon.ai/v1/chat/completions "HTTP/1.1 200 OK"
2026-10-09 02:19:28,840 INFO httpx: HTTP Request: POST https://api.opentyphoon.ai/v1/chat/completions "HTTP/1.1 200 OK"
2026-10-09 02:19:28,863 INFO httpx: HTTP Request: POST https://api.iapp.co.th/v3/store/openthai/systemone "HTTP/1.1 200 OK"
2026-10-09 02:19:28,968 INFO httpx: HTTP Request: POST https://api.iapp.co.th/v3/store/openthai/systemone "HTTP/1.1 200 OK"
2026-10-09 02:19:28,980 INFO httpx: HTTP Request: POST https://api.opentyphoon.ai/v1/chat/completions "HTTP/1.1 200 OK"
2026-10-09 02:19:28,992 INFO httpx: HTTP Request: POST https://api.opentyphoon.ai/v1/chat/completions "HTTP/1.1 200 OK"
2026-10-09 02:19:29,002 INFO httpx: HTTP Request: POST https://api.opentyphoon.ai/v1/chat/completions "HTTP/1.1 200 OK"
2026-10-09 02:19:29,012 INFO httpx: HTTP Request: POST https://api.iapp.co.th/v3/store/openthai/systemone "HTTP/1.1 200 OK"
2026-10-09 02:19:29,085 INFO httpx: HTTP Request: POST https://api.iapp.co.th/v3/store/openthai/systemone "HTTP/1.1 200 OK"
2026-10-09 02:19:29,095 INFO httpx: HTTP Request: POST https://api.opentyphoon.ai/v1/chat/completions "HTTP/1.1 200 OK"
2026-10-09 02:19:29,106 INFO httpx: HTTP Request: POST https://api.opentyphoon.ai/v1/chat/completions "HTTP/1.1 200 OK"
2026-10-09 02:19:29,116 INFO httpx: HTTP Request: POST https://api.opentyphoon.ai/v1/chat/completions "HTTP/1.1 200 OK"
2026-10-09 02:19:29,124 INFO httpx: HTTP Request: POST https://api.iapp.co.th/v3/store/openthai/systemone "HTTP/1.1 200 OK"
2026-10-09 02:19:29,196 INFO httpx: HTTP Request: POST https://api.iapp.co.th/v3/store/openthai/systemone "HTTP/1.1 200 OK"
2026-10-09 02:19:29,206 INFO httpx: HTTP Request: POST https://api.opentyphoon.ai/v1/chat/completions "HTTP/1.1 200 OK"
2026-10-09 02:19:29,216 INFO httpx: HTTP Request: POST https://api.opentyphoon.ai/v1/chat/completions "HTTP/1.1 200 OK"
2026-10-09 02:19:29,225 INFO httpx: HTTP Request: POST https://api.opentyphoon.ai/v1/chat/completions "HTTP/1.1 200 OK"
2026-10-09 02:19:29,233 INFO httpx: HTTP Request: POST https://api.iapp.co.th/v3/store/openthai/systemone "HTTP/1.1 200 OK"
2026-10-09 02:19:29,306 INFO httpx: HTTP Request: POST https://api.iapp.co.th/v3/store/openthai/systemone "HTTP/1.1 200 OK"
2026-10-09 02:19:29,316 INFO httpx: HTTP Request: POST https://api.opentyphoon.ai/v1/chat/completions "HTTP/1.1 200 OK"
2026-10-09 02:19:29,329 INFO httpx: HTTP Request: POST https://api.opentyphoon.ai/v1/chat/completions "HTTP/1.1 200 OK"
2026-10-09 02:19:29,339 INFO httpx: HTTP Request: POST https://api.opentyphoon.ai/v1/chat/completions "HTTP/1.1 200 OK"
2026-10-09 02:19:29,347 INFO httpx: HTTP Request: POST https://api.iapp.co.th/v3/store/openthai/systemone "HTTP/1.1 200 OK"
2026-10-09 02:19:29,415 INFO httpx: HTTP Request: POST https://api.iapp.co.th/v3/store/openthai/systemone "HTTP/1.1 200 OK"
2026-10-09 02:19:29,426 INFO httpx: HTTP Request: POST https://api.opentyphoon.ai/v1/chat/completions "HTTP/1.1 200 OK"
2026-10-09 02:19:29,438 INFO httpx: HTTP Request: POST https://api.opentyphoon.ai/v1/chat/completions "HTTP/1.1 200 OK"
2026-10-09 02:19:29,449 INFO httpx: HTTP Request: POST https://api.opentyphoon.ai/v1/chat/completions "HTTP/1.1 200 OK"
2026-10-09 02:19:29,456 INFO httpx: HTTP Request: POST https://api.iapp.co.th/v3/store/openthai/systemone "HTTP/1.1 200 OK"
2026-10-09 02:19:29,530 INFO httpx: HTTP Request: POST https://api.iapp.co.th/v3/store/openthai/systemone "HTTP/1.1 200 OK"
2026-10-09 02:19:29,540 INFO httpx: HTTP Request: POST https://api.opentyphoon.ai/v1/chat/completions "HTTP/1.1 200 OK"
2026-10-09 02:19:29,552 INFO httpx: HTTP Request: POST https://api.opentyphoon.ai/v1/chat/completions "HTTP/1.1 200 OK"
2026-10-09 02:19:29,562 INFO httpx: HTTP Request: POST https://api.opentyphoon.ai/v1/chat/completions "HTTP/1.1 200 OK"
2026-10-09 02:19:29,570 INFO httpx: HTTP Request: POST https://api.iapp.co.th/v3/store/openthai/systemone "HTTP/1.1 200 OK"
2026-10-09 02:19:29,953 INFO httpx: HTTP Request: POST https://api.opentyphoon.ai/v1/chat/completions "HTTP/1.1 200 OK"
2026-10-09 02:19:29,963 INFO httpx: HTTP Request: POST https://api.iapp.co.th/v3/store/openthai/systemone "HTTP/1.1 200 OK"
2026-10-09 02:19:29,971 INFO httpx: HTTP Request: POST https://api.opentyphoon.ai/v1/chat/completions "HTTP/1.1 200 OK"
2026-10-09 02:19:29,979 INFO httpx: HTTP Request: POST https://api.iapp.co.th/v3/store/openthai/systemone "HTTP/1.1 200 OK"
2026-10-09 02:19:30,051 INFO httpx: HTTP Request: POST https://api.iapp.co.th/v3/store/openthai/systemone "HTTP/1.1 200 OK"
2026-10-09 02:19:30,062 INFO httpx: HTTP Request: POST https://api.opentyphoon.ai/v1/chat/completions "HTTP/1.1 200 OK"
2026-10-09 02:19:30,080 INFO httpx: HTTP Request: POST https://api.opentyphoon.ai/v1/chat/completions "HTTP/1.1 200 OK"
2026-10-09 02:19:30,090 INFO httpx: HTTP Request: POST https://api.opentyphoon.ai/v1/chat/completions "HTTP/1.1 200 OK"
2026-10-09 02:19:30,106 INFO httpx: HTTP Request: POST https://api.opentyphoon.ai/v1/chat/completions "HTTP/1.1 200 OK"
2026-10-09 02:19:30,113 INFO httpx: HTTP Request: POST https://api.iapp.co.th/v3/store/openthai/systemone "HTTP/1.1 200 OK"
2026-10-09 02:19:30,473 INFO httpx: HTTP Request: POST https://api.opentyphoon.ai/v1/chat/completions "HTTP/1.1 200 OK"
2026-10-09 02:19:30,482 INFO httpx: HTTP Request: POST https://api.iapp.co.th/v3/store/openthai/systemone "HTTP/1.1 200 OK"
2026-10-09 02:19:30,490 INFO httpx: HTTP Request: POST https://api.opentyphoon.ai/v1/chat/completions "HTTP/1.1 200 OK"
2026-10-09 02:19:30,498 INFO httpx: HTTP Request: POST https://api.iapp.co.th/v3/store/openthai/systemone "HTTP/1.1 200 OK"
2026-10-09 02:19:30,501 WARNING labclear.report: range_not_compared shapes=(aa):
2026-10-09 02:19:30,571 INFO httpx: HTTP Request: POST https://api.iapp.co.th/v3/store/openthai/systemone "HTTP/1.1 200 OK"
2026-10-09 02:19:30,582 INFO httpx: HTTP Request: POST https://api.opentyphoon.ai/v1/chat/completions "HTTP/1.1 200 OK"
2026-10-09 02:19:30,598 INFO httpx: HTTP Request: POST https://api.opentyphoon.ai/v1/chat/completions "HTTP/1.1 200 OK"
2026-10-09 02:19:30,611 INFO httpx: HTTP Request: POST https://api.opentyphoon.ai/v1/chat/completions "HTTP/1.1 200 OK"
2026-10-09 02:19:30,625 INFO httpx: HTTP Request: POST https://api.opentyphoon.ai/v1/chat/completions "HTTP/1.1 200 OK"
2026-10-09 02:19:30,633 INFO httpx: HTTP Request: POST https://api.iapp.co.th/v3/store/openthai/systemone "HTTP/1.1 200 OK"
2026-10-09 02:19:30,995 INFO httpx: HTTP Request: POST https://api.opentyphoon.ai/v1/chat/completions "HTTP/1.1 200 OK"
2026-10-09 02:19:31,005 INFO httpx: HTTP Request: POST https://api.iapp.co.th/v3/store/openthai/systemone "HTTP/1.1 200 OK"
2026-10-09 02:19:31,015 INFO httpx: HTTP Request: POST https://api.opentyphoon.ai/v1/chat/completions "HTTP/1.1 200 OK"
2026-10-09 02:19:31,022 INFO httpx: HTTP Request: POST https://api.iapp.co.th/v3/store/openthai/systemone "HTTP/1.1 200 OK"
2026-10-09 02:19:31,025 WARNING labclear.report: range_not_compared shapes=(aaaaaaaaa) | aaaaaaaaaaaaaaaaaaa
2026-10-09 02:19:31,096 INFO httpx: HTTP Request: POST https://api.iapp.co.th/v3/store/openthai/systemone "HTTP/1.1 200 OK"
2026-10-09 02:19:31,106 INFO httpx: HTTP Request: POST https://api.opentyphoon.ai/v1/chat/completions "HTTP/1.1 200 OK"
2026-10-09 02:19:31,121 INFO httpx: HTTP Request: POST https://api.opentyphoon.ai/v1/chat/completions "HTTP/1.1 200 OK"
2026-10-09 02:19:31,132 INFO httpx: HTTP Request: POST https://api.opentyphoon.ai/v1/chat/completions "HTTP/1.1 200 OK"
2026-10-09 02:19:31,151 INFO httpx: HTTP Request: POST https://api.opentyphoon.ai/v1/chat/completions "HTTP/1.1 200 OK"
2026-10-09 02:19:31,159 INFO httpx: HTTP Request: POST https://api.iapp.co.th/v3/store/openthai/systemone "HTTP/1.1 200 OK"
2026-10-09 02:20:28,852 INFO httpx: HTTP Request: POST https://api.opentyphoon.ai/v1/chat/completions "HTTP/1.1 200 OK"
2026-10-09 02:20:28,861 INFO httpx: HTTP Request: POST https://api.iapp.co.th/v3/store/openthai/systemone "HTTP/1.1 200 OK"
2026-10-09 02:20:28,869 INFO httpx: HTTP Request: POST https://api.opentyphoon.ai/v1/chat/completions "HTTP/1.1 200 OK"
2026-10-09 02:20:28,876 INFO httpx: HTTP Request: POST https://api.iapp.co.th/v3/store/openthai/systemone "HTTP/1.1 200 OK"
2026-10-09 02:20:28,880 WARNING labclear.report: range_not_compared shapes=aaa aaaaaaaaaaa
2026-10-09 02:20:28,944 INFO httpx: HTTP Request: POST https://api.iapp.co.th/v3/store/openthai/systemone "HTTP/1.1 200 OK"
2026-10-09 02:20:28,954 INFO httpx: HTTP Request: POST https://api.opentyphoon.ai/v1/chat/completions "HTTP/1.1 200 OK"
2026-10-09 02:20:28,968 INFO httpx: HTTP Request: POST https://api.opentyphoon.ai/v1/chat/completions "HTTP/1.1 200 OK"
2026-10-09 02:20:28,978 INFO httpx: HTTP Request: POST https://api.opentyphoon.ai/v1/chat/completions "HTTP/1.1 200 OK"
2026-10-09 02:20:28,992 INFO httpx: HTTP Request: POST https://api.opentyphoon.ai/v1/chat/completions "HTTP/1.1 200 OK"
2026-10-09 02:20:29,000 INFO httpx: HTTP Request: POST https://api.iapp.co.th/v3/store/openthai/systemone "HTTP/1.1 200 OK"
2026-10-09 02:20:29,408 INFO httpx: HTTP Request: POST https://api.opentyphoon.ai/v1/chat/completions "HTTP/1.1 200 OK"
2026-10-09 02:20:29,417 INFO httpx: HTTP Request: POST https://api.iapp.co.th/v3/store/openthai/systemone "HTTP/1.1 200 OK"
2026-10-09 02:20:29,427 INFO httpx: HTTP Request: POST https://api.opentyphoon.ai/v1/chat/completions "HTTP/1.1 200 OK"
2026-10-09 02:20:29,435 INFO httpx: HTTP Request: POST https://api.iapp.co.th/v3/store/openthai/systemone "HTTP/1.1 200 OK"
2026-10-09 02:20:29,531 INFO httpx: HTTP Request: POST https://api.iapp.co.th/v3/store/openthai/systemone "HTTP/1.1 200 OK"
2026-10-09 02:20:29,544 INFO httpx: HTTP Request: POST https://api.opentyphoon.ai/v1/chat/completions "HTTP/1.1 200 OK"
2026-10-09 02:20:29,558 INFO httpx: HTTP Request: POST https://api.opentyphoon.ai/v1/chat/completions "HTTP/1.1 200 OK"
2026-10-09 02:20:29,569 INFO httpx: HTTP Request: POST https://api.opentyphoon.ai/v1/chat/completions "HTTP/1.1 200 OK"
2026-10-09 02:20:29,588 INFO httpx: HTTP Request: POST https://api.opentyphoon.ai/v1/chat/completions "HTTP/1.1 200 OK"
2026-10-09 02:20:29,597 INFO httpx: HTTP Request: POST https://api.iapp.co.th/v3/store/openthai/systemone "HTTP/1.1 200 OK"
2026-10-09 02:20:29,750 INFO httpx: HTTP Request: POST https://api.iapp.co.th/v3/store/openthai/systemone "HTTP/1.1 200 OK"
2026-10-09 02:20:29,761 INFO httpx: HTTP Request: POST https://api.opentyphoon.ai/v1/chat/completions "HTTP/1.1 200 OK"
2026-10-09 02:20:29,771 INFO httpx: HTTP Request: POST https://api.opentyphoon.ai/v1/chat/completions "HTTP/1.1 200 OK"
2026-10-09 02:20:29,781 INFO httpx: HTTP Request: POST https://api.opentyphoon.ai/v1/chat/completions "HTTP/1.1 200 OK"
2026-10-09 02:20:29,788 INFO httpx: HTTP Request: POST https://api.iapp.co.th/v3/store/openthai/systemone "HTTP/1.1 200 OK"
2026-10-09 02:20:29,863 INFO httpx: HTTP Request: POST https://api.iapp.co.th/v3/store/openthai/systemone "HTTP/1.1 200 OK"
2026-10-09 02:20:29,873 INFO httpx: HTTP Request: POST https://api.opentyphoon.ai/v1/chat/completions "HTTP/1.1 200 OK"
2026-10-09 02:20:29,888 INFO httpx: HTTP Request: POST https://api.opentyphoon.ai/v1/chat/completions "HTTP/1.1 200 OK"
2026-10-09 02:20:29,899 INFO httpx: HTTP Request: POST https://api.opentyphoon.ai/v1/chat/completions "HTTP/1.1 200 OK"
2026-10-09 02:20:29,908 INFO httpx: HTTP Request: POST https://api.iapp.co.th/v3/store/openthai/systemone "HTTP/1.1 200 OK"
2026-10-09 02:20:29,987 INFO httpx: HTTP Request: POST https://api.iapp.co.th/v3/store/openthai/systemone "HTTP/1.1 200 OK"
2026-10-09 02:20:29,997 INFO httpx: HTTP Request: POST https://api.opentyphoon.ai/v1/chat/completions "HTTP/1.1 200 OK"
2026-10-09 02:20:30,007 INFO httpx: HTTP Request: POST https://api.opentyphoon.ai/v1/chat/completions "HTTP/1.1 200 OK"
2026-10-09 02:20:30,015 INFO httpx: HTTP Request: POST https://api.opentyphoon.ai/v1/chat/completions "HTTP/1.1 200 OK"
2026-10-09 02:20:30,026 INFO httpx: HTTP Request: POST https://api.iapp.co.th/v3/store/openthai/systemone "HTTP/1.1 200 OK"
2026-10-09 02:20:30,103 INFO httpx: HTTP Request: POST https://api.iapp.co.th/v3/store/openthai/systemone "HTTP/1.1 200 OK"
2026-10-09 02:20:30,114 INFO httpx: HTTP Request: POST https://api.opentyphoon.ai/v1/chat/completions "HTTP/1.1 200 OK"
2026-10-09 02:20:30,124 INFO httpx: HTTP Request: POST https://api.opentyphoon.ai/v1/chat/completions "HTTP/1.1 200 OK"
2026-10-09 02:20:30,134 INFO httpx: HTTP Request: POST https://api.opentyphoon.ai/v1/chat/completions "HTTP/1.1 200 OK"
2026-10-09 02:20:30,143 INFO httpx: HTTP Request: POST https://api.iapp.co.th/v3/store/openthai/systemone "HTTP/1.1 200 OK"
