2026-10-09 01:28:56,715 INFO httpx: HTTP Request: POST https://api.iapp.co.th/v3/store/openthai/systemone "HTTP/1.1 200 OK"
2026-10-09 01:28:56,772 INFO httpx: HTTP Request: POST https://api.opentyphoon.ai/v1/chat/completions "HTTP/1.1 200 OK"
2026-10-09 01:28:56,783 INFO httpx: HTTP Request: POST https://api.opentyphoon.ai/v1/chat/completions "HTTP/1.1 200 OK"
2026-10-09 01:28:56,794 INFO httpx: HTTP Request: POST https://api.opentyphoon.ai/v1/chat/completions "HTTP/1.1 200 OK"
2026-10-09 01:28:56,802 INFO httpx: HTTP Request: POST https://api.iapp.co.th/v3/store/openthai/systemone "HTTP/1.1 200 OK"
2026-10-09 01:28:56,874 INFO httpx: HTTP Request: POST https://api.iapp.co.th/v3/store/openthai/systemone "HTTP/1.1 200 OK"
2026-10-09 01:28:56,884 INFO httpx: HTTP Request: POST https://api.opentyphoon.ai/v1/chat/completions "HTTP/1.1 200 OK"
2026-10-09 01:28:56,893 INFO httpx: HTTP Request: POST https://api.opentyphoon.ai/v1/chat/completions "HTTP/1.1 200 OK"
2026-10-09 01:28:56,902 INFO httpx: HTTP Request: POST https://api.opentyphoon.ai/v1/chat/completions "HTTP/1.1 200 OK"
2026-10-09 01:28:56,909 INFO httpx: HTTP Request: POST https://api.iapp.co.th/v3/store/openthai/systemone "HTTP/1.1 200 OK"
2026-10-09 01:28:56,981 INFO httpx: HTTP Request: POST https://api.iapp.co.th/v3/store/openthai/systemone "HTTP/1.1 200 OK"
2026-10-09 01:28:56,991 INFO httpx: HTTP Request: POST https://api.opentyphoon.ai/v1/chat/completions "HTTP/1.1 200 OK"
2026-10-09 01:28:57,000 INFO httpx: HTTP Request: POST https://api.opentyphoon.ai/v1/chat/completions "HTTP/1.1 200 OK"
2026-10-09 01:28:57,009 INFO httpx: HTTP Request: POST https://api.opentyphoon.ai/v1/chat/completions "HTTP/1.1 200 OK"
2026-10-09 01:28:57,018 INFO httpx: HTTP Request: POST https://api.iapp.co.th/v3/store/openthai/systemone "HTTP/1.1 200 OK"
2026-10-09 01:28:57,089 INFO httpx: HTTP Request: POST https://api.iapp.co.th/v3/store/openthai/systemone "HTTP/1.1 200 OK"
2026-10-09 01:28:57,102 INFO httpx: HTTP Request: POST https://api.opentyphoon.ai/v1/chat/completions "HTTP/1.1 200 OK"
2026-10-09 01:28:57,120 INFO httpx: HTTP Request: POST https://api.opentyphoon.ai/v1/chat/completions "HTTP/1.1 200 OK"
2026-10-09 01:28:57,131 INFO httpx: HTTP Request: POST https://api.opentyphoon.ai/v1/chat/completions "HTTP/1.1 200 OK"
2026-10-09 01:28:57,139 INFO httpx: HTTP Request: POST https://api.iapp.co.th/v3/store/openthai/systemone "HTTP/1.1 200 OK"
2026-10-09 01:28:57,213 INFO httpx: HTTP Request: POST https://api.iapp.co.th/v3/store/openthai/systemone "HTTP/1.1 200 OK"
2026-10-09 01:28:57,225 INFO httpx: HTTP Request: POST https://api.opentyphoon.ai/v1/chat/completions "HTTP/1.1 200 OK"
2026-10-09 01:28:57,235 INFO httpx: HTTP Request: POST https://api.opentyphoon.ai/v1/chat/completions "HTTP/1.1 200 OK"
2026-10-09 01:28:57,245 INFO httpx: HTTP Request: POST https://api.opentyphoon.ai/v1/chat/completions "HTTP/1.1 200 OK"
2026-10-09 01:28:57,253 INFO httpx: HTTP Request: POST https://api.iapp.co.th/v3/store/openthai/systemone "HTTP/1.1 200 OK"
2026-10-09 01:28:57,323 INFO httpx: HTTP Request: POST https://api.iapp.co.th/v3/store/openthai/systemone "HTTP/1.1 200 OK"
2026-10-09 01:28:57,335 INFO httpx: HTTP Request: POST https://api.opentyphoon.ai/v1/chat/completions "HTTP/1.1 200 OK"
2026-10-09 01:28:57,345 INFO httpx: HTTP Request: POST https://api.opentyphoon.ai/v1/chat/completions "HTTP/1.1 200 OK"
2026-10-09 01:28:57,355 INFO httpx: HTTP Request: POST https://api.opentyphoon.ai/v1/chat/completions "HTTP/1.1 200 OK"
2026-10-09 01:28:57,363 INFO httpx: HTTP Request: POST https://api.iapp.co.th/v3/store/openthai/systemone "HTTP/1.1 200 OK"
2026-10-09 01:28:57,444 INFO httpx: HTTP Request: POST https://api.iapp.co.th/v3/store/openthai/systemone "HTTP/1.1 200 OK"
2026-10-09 01:28:57,455 INFO httpx: HTTP Request: POST https://api.opentyphoon.ai/v1/chat/completions "HTTP/1.1 200 OK"
2026-10-09 01:28:57,466 INFO httpx: HTTP Request: POST https://api.opentyphoon.ai/v1/chat/completions "HTTP/1.1 200 OK"
2026-10-09 01:28:57,477 INFO httpx: HTTP Request: POST https://api.opentyphoon.ai/v1/chat/completions "HTTP/1.1 200 OK"
2026-10-09 01:28:57,485 INFO httpx: HTTP Request: POST https://api.iapp.co.th/v3/store/openthai/systemone "HTTP/1.1 200 OK"
2026-10-09 01:28:57,556 INFO httpx: HTTP Request: POST https://api.iapp.co.th/v3/store/openthai/systemone "HTTP/1.1 200 OK"
2026-10-09 01:28:57,567 INFO httpx: HTTP Request: POST https://api.opentyphoon.ai/v1/chat/completions "HTTP/1.1 200 OK"
2026-10-09 01:28:57,581 INFO httpx: HTTP Request: POST https://api.opentyphoon.ai/v1/chat/completions "HTTP/1.1 200 OK"
2026-10-09 01:28:57,592 INFO httpx: HTTP Request: POST https://api.opentyphoon.ai/v1/chat/completions "HTTP/1.1 200 OK"
2026-10-09 01:28:57,599 INFO httpx: HTTP Request: POST https://api.iapp.co.th/v3/store/openthai/systemone "HTTP/1.1 200 OK"
2026-10-09 01:28:57,669 INFO httpx: HTTP Request: POST https://api.iapp.co.th/v3/store/openthai/systemone "HTTP/1.1 200 OK"
2026-10-09 01:28:57,680 INFO httpx: HTTP Request: POST https://api.opentyphoon.ai/v1/chat/completions "HTTP/1.1 200 OK"
2026-10-09 01:28:57,692 INFO httpx: HTTP Request: POST https://api.opentyphoon.ai/v1/chat/completions "HTTP/1.1 200 OK"
2026-10-09 01:28:57,706 INFO httpx: HTTP Request: POST https://api.opentyphoon.ai/v1/chat/completions "HTTP/1.1 200 OK"
2026-10-09 01:28:57,714 INFO httpx: HTTP Request: POST https://api.iapp.co.th/v3/store/openthai/systemone "HTTP/1.1 200 OK"
2026-10-09 01:28:57,784 INFO httpx: HTTP Request: POST https://api.iapp.co.th/v3/store/openthai/systemone "HTTP/1.1 200 OK"
2026-10-09 01:28:57,794 INFO httpx: HTTP Request: POST https://api.opentyphoon.ai/v1/chat/completions "HTTP/1.1 200 OK"
2026-10-09 01:28:57,808 INFO httpx: HTTP Request: POST https://api.opentyphoon.ai/v1/chat/completions "HTTP/1.1 200 OK"
2026-10-09 01:28:57,818 INFO httpx: HTTP Request: POST https://api.opentyphoon.ai/v1/chat/completions "HTTP/1.1 200 OK"
2026-10-09 01:28:57,825 INFO httpx: HTTP Request: POST https://api.iapp.co.th/v3/store/openthai/systemone "HTTP/1.1 200 OK"
2026-10-09 01:29:02,410 INFO httpx: HTTP Request: POST https://api.opentyphoon.ai/v1/chat/completions "HTTP/1.1 200 OK"
2026-10-09 01:29:02,419 INFO httpx: HTTP Request: POST https://api.iapp.co.th/v3/store/openthai/systemone "HTTP/1.1 200 OK"
2026-10-09 01:29:02,429 INFO httpx: HTTP Request: POST https://api.opentyphoon.ai/v1/chat/completions "HTTP/1.1 200 OK"
2026-10-09 01:29:02,437 INFO httpx: HTTP Request: POST https://api.iapp.co.th/v3/store/openthai/systemone "HTTP/1.1 200 OK"
2026-10-09 01:29:02,512 INFO httpx: HTTP Request: POST https://api.iapp.co.th/v3/store/openthai/systemone "HTTP/1.1 200 OK"
2026-10-09 01:29:02,523 INFO httpx: HTTP Request: POST https://api.opentyphoon.ai/v1/chat/completions "HTTP/1.1 200 OK"
2026-10-09 01:29:02,535 INFO httpx: HTTP Request: POST https://api.opentyphoon.ai/v1/chat/completions "HTTP/1.1 200 OK"
2026-10-09 01:29:02,553 INFO httpx: HTTP Request: POST https://api.opentyphoon.ai/v1/chat/completions "HTTP/1.1 200 OK"
2026-10-09 01:29:02,561 INFO httpx: HTTP Request: POST https://api.iapp.co.th/v3/store/openthai/systemone "HTTP/1.1 200 OK"
2026-10-09 01:29:07,305 INFO httpx: HTTP Request: POST https://api.opentyphoon.ai/v1/chat/completions "HTTP/1.1 200 OK"
2026-10-09 01:29:07,316 INFO httpx: HTTP Request: POST https://api.iapp.co.th/v3/store/openthai/systemone "HTTP/1.1 200 OK"
2026-10-09 01:29:07,326 INFO httpx: HTTP Request: POST https://api.opentyphoon.ai/v1/chat/completions "HTTP/1.1 200 OK"
2026-10-09 01:29:07,338 INFO httpx: HTTP Request: POST https://api.iapp.co.th/v3/store/openthai/systemone "HTTP/1.1 200 OK"
2026-10-09 01:29:07,341 WARNING labclear.report: range_not_compared shapes=(aa):
2026-10-09 01:29:07,415 INFO httpx: HTTP Request: POST https://api.iapp.co.th/v3/store/openthai/systemone "HTTP/1.1 200 OK"
2026-10-09 01:29:07,427 INFO httpx: HTTP Request: POST https://api.opentyphoon.ai/v1/chat/completions "HTTP/1.1 200 OK"
2026-10-09 01:29:07,440 INFO httpx: HTTP Request: POST https://api.opentyphoon.ai/v1/chat/completions "HTTP/1.1 200 OK"
2026-10-09 01:29:07,456 INFO httpx: HTTP Request: POST https://api.opentyphoon.ai/v1/chat/completions "HTTP/1.1 200 OK"
2026-10-09 01:29:07,465 INFO httpx: HTTP Request: POST https://api.iapp.co.th/v3/store/openthai/systemone "HTTP/1.1 200 OK"
2026-10-09 01:29:12,165 INFO httpx: HTTP Request: POST https://api.opentyphoon.ai/v1/chat/completions "HTTP/1.1 200 OK"
2026-10-09 01:29:12,176 INFO httpx: HTTP Request: POST https://api.iapp.co.th/v3/store/openthai/systemone "HTTP/1.1 200 OK"
2026-10-09 01:29:12,185 INFO httpx: HTTP Request: POST https://api.opentyphoon.ai/v1/chat/completions "HTTP/1.1 200 OK"
2026-10-09 01:29:12,193 INFO httpx: HTTP Request: POST https://api.iapp.co.th/v3/store/openthai/systemone "HTTP/1.1 200 OK"
2026-10-09 01:29:12,195 WARNING labclear.report: range_not_compared shapes=(aaaaaaaaa) | aaaaaaaaaaaaaaaaaaa
2026-10-09 01:29:12,261 INFO httpx: HTTP Request: POST https://api.iapp.co.th/v3/store/openthai/systemone "HTTP/1.1 200 OK"
2026-10-09 01:29:12,272 INFO httpx: HTTP Request: POST https://api.opentyphoon.ai/v1/chat/completions "HTTP/1.1 200 OK"
2026-10-09 01:29:12,284 INFO httpx: HTTP Request: POST https://api.opentyphoon.ai/v1/chat/completions "HTTP/1.1 200 OK"
2026-10-09 01:29:12,300 INFO httpx: HTTP Request: POST https://api.opentyphoon.ai/v1/chat/completions "HTTP/1.1 200 OK"
2026-10-09 01:29:12,308 INFO httpx: HTTP Request: POST https://api.iapp.co.th/v3/store/openthai/systemone "HTTP/1.1 200 OK"
2026-10-09 01:30:01,218 INFO httpx: HTTP Request: POST https://api.opentyphoon.ai/v1/chat/completions "HTTP/1.1 200 OK"
2026-10-09 01:30:01,233 INFO httpx: HTTP Request: POST https://api.iapp.co.th/v3/store/openthai/systemone "HTTP/1.1 200 OK"
2026-10-09 01:30:01,242 INFO httpx: HTTP Request: POST https://api.opentyphoon.ai/v1/chat/completions "HTTP/1.1 200 OK"
2026-10-09 01:30:01,251 INFO httpx: HTTP Request: POST https://api.iapp.co.th/v3/store/openthai/systemone "HTTP/1.1 200 OK"
2026-10-09 01:30:01,253 WARNING labclear.report: range_not_compared shapes=aaa aaaaaaaaaaa
2026-10-09 01:30:01,316 INFO httpx: HTTP Request: POST https://api.iapp.co.th/v3/store/openthai/systemone "HTTP/1.1 200 OK"
2026-10-09 01:30:01,327 INFO httpx: HTTP Request: POST https://api.opentyphoon.ai/v1/chat/completions "HTTP/1.1 200 OK"
2026-10-09 01:30:01,340 INFO httpx: HTTP Request: POST https://api.opentyphoon.ai/v1/chat/completions "HTTP/1.1 200 OK"
2026-10-09 01:30:01,354 INFO httpx: HTTP Request: POST https://api.opentyphoon.ai/v1/chat/completions "HTTP/1.1 200 OK"
2026-10-09 01:30:01,363 INFO httpx: HTTP Request: POST https://api.iapp.co.th/v3/store/openthai/systemone "HTTP/1.1 200 OK"
2026-10-09 01:30:09,852 INFO httpx: HTTP Request: POST https://api.opentyphoon.ai/v1/chat/completions "HTTP/1.1 200 OK"
2026-10-09 01:30:09,870 INFO httpx: HTTP Request: POST https://api.iapp.co.th/v3/store/openthai/systemone "HTTP/1.1 200 OK"
2026-10-09 01:30:09,885 INFO httpx: HTTP Request: POST https://api.opentyphoon.ai/v1/chat/completions "HTTP/1.1 200 OK"
2026-10-09 01:30:09,895 INFO httpx: HTTP Request: POST https://api.iapp.co.th/v3/store/openthai/systemone "HTTP/1.1 200 OK"
2026-10-09 01:30:10,008 INFO httpx: HTTP Request: POST https://api.iapp.co.th/v3/store/openthai/systemone "HTTP/1.1 200 OK"
2026-10-09 01:30:10,022 INFO httpx: HTTP Request: POST https://api.opentyphoon.ai/v1/chat/completions "HTTP/1.1 200 OK"
2026-10-09 01:30:10,039 INFO httpx: HTTP Request: POST https://api.opentyphoon.ai/v1/chat/completions "HTTP/1.1 200 OK"
2026-10-09 01:30:10,065 INFO httpx: HTTP Request: POST https://api.opentyphoon.ai/v1/chat/completions "HTTP/1.1 200 OK"
2026-10-09 01:30:10,075 INFO httpx: HTTP Request: POST https://api.iapp.co.th/v3/store/openthai/systemone "HTTP/1.1 200 OK"
2026-10-09 01:30:10,237 INFO httpx: HTTP Request: POST https://api.iapp.co.th/v3/store/openthai/systemone "HTTP/1.1 200 OK"
2026-10-09 01:30:10,248 INFO httpx: HTTP Request: POST https://api.opentyphoon.ai/v1/chat/completions "HTTP/1.1 200 OK"
2026-10-09 01:30:10,258 INFO httpx: HTTP Request: POST https://api.opentyphoon.ai/v1/chat/completions "HTTP/1.1 200 OK"
2026-10-09 01:30:10,268 INFO httpx: HTTP Request: POST https://api.opentyphoon.ai/v1/chat/completions "HTTP/1.1 200 OK"
2026-10-09 01:30:10,275 INFO httpx: HTTP Request: POST https://api.iapp.co.th/v3/store/openthai/systemone "HTTP/1.1 200 OK"
2026-10-09 01:30:10,359 INFO httpx: HTTP Request: POST https://api.iapp.co.th/v3/store/openthai/systemone "HTTP/1.1 200 OK"
2026-10-09 01:30:10,371 INFO httpx: HTTP Request: POST https://api.opentyphoon.ai/v1/chat/completions "HTTP/1.1 200 OK"
2026-10-09 01:30:10,386 INFO httpx: HTTP Request: POST https://api.opentyphoon.ai/v1/chat/completions "HTTP/1.1 200 OK"
2026-10-09 01:30:10,399 INFO httpx: HTTP Request: POST https://api.opentyphoon.ai/v1/chat/completions "HTTP/1.1 200 OK"
2026-10-09 01:30:10,409 INFO httpx: HTTP Request: POST https://api.iapp.co.th/v3/store/openthai/systemone "HTTP/1.1 200 OK"
2026-10-09 01:30:10,486 INFO httpx: HTTP Request: POST https://api.iapp.co.th/v3/store/openthai/systemone "HTTP/1.1 200 OK"
2026-10-09 01:30:10,498 INFO httpx: HTTP Request: POST https://api.opentyphoon.ai/v1/chat/completions "HTTP/1.1 200 OK"
2026-10-09 01:30:10,508 INFO httpx: HTTP Request: POST https://api.opentyphoon.ai/v1/chat/completions "HTTP/1.1 200 OK"
2026-10-09 01:30:10,518 INFO httpx: HTTP Request: POST https://api.opentyphoon.ai/v1/chat/completions "HTTP/1.1 200 OK"
2026-10-09 01:30:10,527 INFO httpx: HTTP Request: POST https://api.iapp.co.th/v3/store/openthai/systemone "HTTP/1.1 200 OK"
2026-10-09 01:30:10,603 INFO httpx: HTTP Request: POST https://api.iapp.co.th/v3/store/openthai/systemone "HTTP/1.1 200 OK"
2026-10-09 01:30:10,614 INFO httpx: HTTP Request: POST https://api.opentyphoon.ai/v1/chat/completions "HTTP/1.1 200 OK"
2026-10-09 01:30:10,624 INFO httpx: HTTP Request: POST https://api.opentyphoon.ai/v1/chat/completions "HTTP/1.1 200 OK"
2026-10-09 01:30:10,636 INFO httpx: HTTP Request: POST https://api.opentyphoon.ai/v1/chat/completions "HTTP/1.1 200 OK"
2026-10-09 01:30:10,645 INFO httpx: HTTP Request: POST https://api.iapp.co.th/v3/store/openthai/systemone "HTTP/1.1 200 OK"
2026-10-09 01:30:10,714 INFO httpx: HTTP Request: POST https://api.iapp.co.th/v3/store/openthai/systemone "HTTP/1.1 200 OK"
2026-10-09 01:30:10,727 INFO httpx: HTTP Request: POST https://api.opentyphoon.ai/v1/chat/completions "HTTP/1.1 200 OK"
2026-10-09 01:30:10,737 INFO httpx: HTTP Request: POST https://api.opentyphoon.ai/v1/chat/completions "HTTP/1.1 200 OK"
2026-10-09 01:30:10,748 INFO httpx: HTTP Request: POST https://api.opentyphoon.ai/v1/chat/completions "HTTP/1.1 200 OK"
2026-10-09 01:30:10,758 INFO httpx: HTTP Request: POST https://api.iapp.co.th/v3/store/openthai/systemone "HTTP/1.1 200 OK"
2026-10-09 01:30:10,834 INFO httpx: HTTP Request: POST https://api.iapp.co.th/v3/store/openthai/systemone "HTTP/1.1 200 OK"
2026-10-09 01:30:10,845 INFO httpx: HTTP Request: POST https://api.opentyphoon.ai/v1/chat/completions "HTTP/1.1 200 OK"
2026-10-09 01:30:10,854 INFO httpx: HTTP Request: POST https://api.opentyphoon.ai/v1/chat/completions "HTTP/1.1 200 OK"
2026-10-09 01:30:10,865 INFO httpx: HTTP Request: POST https://api.opentyphoon.ai/v1/chat/completions "HTTP/1.1 200 OK"
2026-10-09 01:30:10,874 INFO httpx: HTTP Request: POST https://api.iapp.co.th/v3/store/openthai/systemone "HTTP/1.1 200 OK"
2026-10-09 01:30:10,953 INFO httpx: HTTP Request: POST https://api.iapp.co.th/v3/store/openthai/systemone "HTTP/1.1 200 OK"
2026-10-09 01:30:10,965 INFO httpx: HTTP Request: POST https://api.opentyphoon.ai/v1/chat/completions "HTTP/1.1 200 OK"
2026-10-09 01:30:10,977 INFO httpx: HTTP Request: POST https://api.opentyphoon.ai/v1/chat/completions "HTTP/1.1 200 OK"
2026-10-09 01:30:10,989 INFO httpx: HTTP Request: POST https://api.opentyphoon.ai/v1/chat/completions "HTTP/1.1 200 OK"
2026-10-09 01:30:10,998 INFO httpx: HTTP Request: POST https://api.iapp.co.th/v3/store/openthai/systemone "HTTP/1.1 200 OK"
2026-10-09 01:30:11,079 INFO httpx: HTTP Request: POST https://api.iapp.co.th/v3/store/openthai/systemone "HTTP/1.1 200 OK"
2026-10-09 01:30:11,090 INFO httpx: HTTP Request: POST https://api.opentyphoon.ai/v1/chat/completions "HTTP/1.1 200 OK"
2026-10-09 01:30:11,100 INFO httpx: HTTP Request: POST https://api.opentyphoon.ai/v1/chat/completions "HTTP/1.1 200 OK"
2026-10-09 01:30:11,112 INFO httpx: HTTP Request: POST https://api.opentyphoon.ai/v1/chat/completions "HTTP/1.1 200 OK"
2026-10-09 01:30:11,124 INFO httpx: HTTP Request: POST https://api.iapp.co.th/v3/store/openthai/systemone "HTTP/1.1 200 OK"
2026-10-09 01:30:11,205 INFO httpx: HTTP Request: POST https://api.iapp.co.th/v3/store/openthai/systemone "HTTP/1.1 200 OK"
2026-10-09 01:30:11,216 INFO httpx: HTTP Request: POST https://api.opentyphoon.ai/v1/chat/completions "HTTP/1.1 200 OK"
2026-10-09 01:30:11,227 INFO httpx: HTTP Request: POST https://api.opentyphoon.ai/v1/chat/completions "HTTP/1.1 200 OK"
2026-10-09 01:30:11,238 INFO httpx: HTTP Request: POST https://api.opentyphoon.ai/v1/chat/completions "HTTP/1.1 200 OK"
2026-10-09 01:30:11,247 INFO httpx: HTTP Request: POST https://api.iapp.co.th/v3/store/openthai/systemone "HTTP/1.1 200 OK"
2026-10-09 01:30:12,296 INFO httpx: HTTP Request: POST https://api.iapp.co.th/v3/store/openthai/systemone "HTTP/1.1 200 OK"
2026-10-09 01:30:12,308 INFO httpx: HTTP Request: POST https://api.opentyphoon.ai/v1/chat/completions "HTTP/1.1 200 OK"
2026-10-09 01:30:12,319 INFO httpx: HTTP Request: POST https://api.opentyphoon.ai/v1/chat/completions "HTTP/1.1 200 OK"
2026-10-09 01:30:12,330 INFO httpx: HTTP Request: POST https://api.opentyphoon.ai/v1/chat/completions "HTTP/1.1 200 OK"
2026-10-09 01:30:12,339 INFO httpx: HTTP Request: POST https://api.iapp.co.th/v3/store/openthai/systemone "HTTP/1.1 200 OK"
2026-10-09 01:30:56,764 INFO httpx: HTTP Request: POST https://api.iapp.co.th/v3/store/openthai/systemone "HTTP/1.1 200 OK"
2026-10-09 01:30:56,775 INFO httpx: HTTP Request: POST https://api.opentyphoon.ai/v1/chat/completions "HTTP/1.1 200 OK"
2026-10-09 01:30:56,787 INFO httpx: HTTP Request: POST https://api.opentyphoon.ai/v1/chat/completions "HTTP/1.1 200 OK"
2026-10-09 01:30:56,797 INFO httpx: HTTP Request: POST https://api.opentyphoon.ai/v1/chat/completions "HTTP/1.1 200 OK"
2026-10-09 01:30:56,806 INFO httpx: HTTP Request: POST https://api.iapp.co.th/v3/store/openthai/systemone "HTTP/1.1 200 OK"
2026-10-09 01:31:01,344 INFO httpx: HTTP Request: POST https://api.iapp.co.th/v3/store/openthai/systemone "HTTP/1.1 200 OK"
2026-10-09 01:31:01,360 INFO httpx: HTTP Request: POST https://api.opentyphoon.ai/v1/chat/completions "HTTP/1.1 200 OK"
2026-10-09 01:31:01,373 INFO httpx: HTTP Request: POST https://api.opentyphoon.ai/v1/chat/completions "HTTP/1.1 200 OK"
2026-10-09 01:31:01,385 INFO httpx: HTTP Request: POST https://api.opentyphoon.ai/v1/chat/completions "HTTP/1.1 200 OK"
2026-10-09 01:31:01,392 INFO httpx: HTTP Request: POST https://api.iapp.co.th/v3/store/openthai/systemone "HTTP/1.1 200 OK"
2026-10-09 01:31:01,406 INFO httpx: HTTP Request: POST https://api.iapp.co.th/v3/store/openthai/systemone "HTTP/1.1 200 OK"
2026-10-09 01:31:01,417 INFO httpx: HTTP Request: POST https://api.opentyphoon.ai/v1/chat/completions "HTTP/1.1 200 OK"
2026-10-09 01:31:01,428 INFO httpx: HTTP Request: POST https://api.opentyphoon.ai/v1/chat/completions "HTTP/1.1 200 OK"
2026-10-09 01:31:01,442 INFO httpx: HTTP Request: POST https://api.opentyphoon.ai/v1/chat/completions "HTTP/1.1 200 OK"
2026-10-09 01:31:01,452 INFO httpx: HTTP Request: POST https://api.iapp.co.th/v3/store/openthai/systemone "HTTP/1.1 200 OK"
2026-10-09 01:31:01,537 INFO httpx: HTTP Request: POST https://api.iapp.co.th/v3/store/openthai/systemone "HTTP/1.1 200 OK"
2026-10-09 01:31:01,548 INFO httpx: HTTP Request: POST https://api.opentyphoon.ai/v1/chat/completions "HTTP/1.1 200 OK"
2026-10-09 01:31:01,558 INFO httpx: HTTP Request: POST https://api.opentyphoon.ai/v1/chat/completions "HTTP/1.1 200 OK"
2026-10-09 01:31:01,568 INFO httpx: HTTP Request: POST https://api.opentyphoon.ai/v1/chat/completions "HTTP/1.1 200 OK"
2026-10-09 01:31:01,577 INFO httpx: HTTP Request: POST https://api.iapp.co.th/v3/store/openthai/systemone "HTTP/1.1 200 OK"
2026-10-09 01:31:10,013 INFO httpx: HTTP Request: POST https://api.iapp.co.th/v3/store/openthai/systemone "HTTP/1.1 200 OK"
2026-10-09 01:31:10,025 INFO httpx: HTTP Request: POST https://api.opentyphoon.ai/v1/chat/completions "HTTP/1.1 200 OK"
2026-10-09 01:31:10,034 INFO httpx: HTTP Request: POST https://api.opentyphoon.ai/v1/chat/completions "HTTP/1.1 200 OK"
2026-10-09 01:31:10,043 INFO httpx: HTTP Request: POST https://api.opentyphoon.ai/v1/chat/completions "HTTP/1.1 200 OK"
2026-10-09 01:31:10,051 INFO httpx: HTTP Request: POST https://api.iapp.co.th/v3/store/openthai/systemone "HTTP/1.1 200 OK"
