2026-10-09 01:26:40,977 INFO httpx: HTTP Request: POST https://api.iapp.co.th/v3/store/openthai/systemone "HTTP/1.1 200 OK"
2026-10-09 01:26:41,017 INFO httpx: HTTP Request: POST https://api.opentyphoon.ai/v1/chat/completions "HTTP/1.1 200 OK"
2026-10-09 01:26:41,028 INFO httpx: HTTP Request: POST https://api.opentyphoon.ai/v1/chat/completions "HTTP/1.1 200 OK"
2026-10-09 01:26:41,042 INFO httpx: HTTP Request: POST https://api.opentyphoon.ai/v1/chat/completions "HTTP/1.1 200 OK"
2026-10-09 01:26:41,052 INFO httpx: HTTP Request: POST https://api.iapp.co.th/v3/store/openthai/systemone "HTTP/1.1 200 OK"
2026-10-09 01:26:41,128 INFO httpx: HTTP Request: POST https://api.iapp.co.th/v3/store/openthai/systemone "HTTP/1.1 200 OK"
2026-10-09 01:26:41,138 INFO httpx: HTTP Request: POST https://api.opentyphoon.ai/v1/chat/completions "HTTP/1.1 200 OK"
2026-10-09 01:26:41,149 INFO httpx: HTTP Request: POST https://api.opentyphoon.ai/v1/chat/completions "HTTP/1.1 200 OK"
2026-10-09 01:26:41,159 INFO httpx: HTTP Request: POST https://api.opentyphoon.ai/v1/chat/completions "HTTP/1.1 200 OK"
2026-10-09 01:26:41,167 INFO httpx: HTTP Request: POST https://api.iapp.co.th/v3/store/openthai/systemone "HTTP/1.1 200 OK"
2026-10-09 01:26:41,238 INFO httpx: HTTP Request: POST https://api.iapp.co.th/v3/store/openthai/systemone "HTTP/1.1 200 OK"
2026-10-09 01:26:41,248 INFO httpx: HTTP Request: POST https://api.opentyphoon.ai/v1/chat/completions "HTTP/1.1 200 OK"
2026-10-09 01:26:41,256 INFO httpx: HTTP Request: POST https://api.opentyphoon.ai/v1/chat/completions "HTTP/1.1 200 OK"
2026-10-09 01:26:41,267 INFO httpx: HTTP Request: POST https://api.opentyphoon.ai/v1/chat/completions "HTTP/1.1 200 OK"
2026-10-09 01:26:41,275 INFO httpx: HTTP Request: POST https://api.iapp.co.th/v3/store/openthai/systemone "HTTP/1.1 200 OK"
2026-10-09 01:26:41,351 INFO httpx: HTTP Request: POST https://api.iapp.co.th/v3/store/openthai/systemone "HTTP/1.1 200 OK"
2026-10-09 01:26:41,363 INFO httpx: HTTP Request: POST https://api.opentyphoon.ai/v1/chat/completions "HTTP/1.1 200 OK"
2026-10-09 01:26:41,373 INFO httpx: HTTP Request: POST https://api.opentyphoon.ai/v1/chat/completions "HTTP/1.1 200 OK"
2026-10-09 01:26:41,382 INFO httpx: HTTP Request: POST https://api.opentyphoon.ai/v1/chat/completions "HTTP/1.1 200 OK"
2026-10-09 01:26:41,391 INFO httpx: HTTP Request: POST https://api.iapp.co.th/v3/store/openthai/systemone "HTTP/1.1 200 OK"
2026-10-09 01:26:41,460 INFO httpx: HTTP Request: POST https://api.iapp.co.th/v3/store/openthai/systemone "HTTP/1.1 200 OK"
2026-10-09 01:26:41,471 INFO httpx: HTTP Request: POST https://api.opentyphoon.ai/v1/chat/completions "HTTP/1.1 200 OK"
2026-10-09 01:26:41,480 INFO httpx: HTTP Request: POST https://api.opentyphoon.ai/v1/chat/completions "HTTP/1.1 200 OK"
2026-10-09 01:26:41,490 INFO httpx: HTTP Request: POST https://api.opentyphoon.ai/v1/chat/completions "HTTP/1.1 200 OK"
2026-10-09 01:26:41,498 INFO httpx: HTTP Request: POST https://api.iapp.co.th/v3/store/openthai/systemone "HTTP/1.1 200 OK"
2026-10-09 01:26:41,568 INFO httpx: HTTP Request: POST https://api.iapp.co.th/v3/store/openthai/systemone "HTTP/1.1 200 OK"
2026-10-09 01:26:41,577 INFO httpx: HTTP Request: POST https://api.opentyphoon.ai/v1/chat/completions "HTTP/1.1 200 OK"
2026-10-09 01:26:41,585 INFO httpx: HTTP Request: POST https://api.opentyphoon.ai/v1/chat/completions "HTTP/1.1 200 OK"
2026-10-09 01:26:41,594 INFO httpx: HTTP Request: POST https://api.opentyphoon.ai/v1/chat/completions "HTTP/1.1 200 OK"
2026-10-09 01:26:41,601 INFO httpx: HTTP Request: POST https://api.iapp.co.th/v3/store/openthai/systemone "HTTP/1.1 200 OK"
2026-10-09 01:26:41,664 INFO httpx: HTTP Request: POST https://api.iapp.co.th/v3/store/openthai/systemone "HTTP/1.1 200 OK"
2026-10-09 01:26:41,676 INFO httpx: HTTP Request: POST https://api.opentyphoon.ai/v1/chat/completions "HTTP/1.1 200 OK"
2026-10-09 01:26:41,685 INFO httpx: HTTP Request: POST https://api.opentyphoon.ai/v1/chat/completions "HTTP/1.1 200 OK"
2026-10-09 01:26:41,695 INFO httpx: HTTP Request: POST https://api.opentyphoon.ai/v1/chat/completions "HTTP/1.1 200 OK"
2026-10-09 01:26:41,703 INFO httpx: HTTP Request: POST https://api.iapp.co.th/v3/store/openthai/systemone "HTTP/1.1 200 OK"
2026-10-09 01:26:41,775 INFO httpx: HTTP Request: POST https://api.iapp.co.th/v3/store/openthai/systemone "HTTP/1.1 200 OK"
2026-10-09 01:26:41,790 INFO httpx: HTTP Request: POST https://api.opentyphoon.ai/v1/chat/completions "HTTP/1.1 200 OK"
2026-10-09 01:26:41,803 INFO httpx: HTTP Request: POST https://api.opentyphoon.ai/v1/chat/completions "HTTP/1.1 200 OK"
2026-10-09 01:26:41,813 INFO httpx: HTTP Request: POST https://api.opentyphoon.ai/v1/chat/completions "HTTP/1.1 200 OK"
2026-10-09 01:26:41,822 INFO httpx: HTTP Request: POST https://api.iapp.co.th/v3/store/openthai/systemone "HTTP/1.1 200 OK"
2026-10-09 01:26:41,898 INFO httpx: HTTP Request: POST https://api.iapp.co.th/v3/store/openthai/systemone "HTTP/1.1 200 OK"
2026-10-09 01:26:41,912 INFO httpx: HTTP Request: POST https://api.opentyphoon.ai/v1/chat/completions "HTTP/1.1 200 OK"
2026-10-09 01:26:41,924 INFO httpx: HTTP Request: POST https://api.opentyphoon.ai/v1/chat/completions "HTTP/1.1 200 OK"
2026-10-09 01:26:41,938 INFO httpx: HTTP Request: POST https://api.opentyphoon.ai/v1/chat/completions "HTTP/1.1 200 OK"
2026-10-09 01:26:41,948 INFO httpx: HTTP Request: POST https://api.iapp.co.th/v3/store/openthai/systemone "HTTP/1.1 200 OK"
2026-10-09 01:26:42,021 INFO httpx: HTTP Request: POST https://api.iapp.co.th/v3/store/openthai/systemone "HTTP/1.1 200 OK"
2026-10-09 01:26:42,032 INFO httpx: HTTP Request: POST https://api.opentyphoon.ai/v1/chat/completions "HTTP/1.1 200 OK"
2026-10-09 01:26:42,044 INFO httpx: HTTP Request: POST https://api.opentyphoon.ai/v1/chat/completions "HTTP/1.1 200 OK"
2026-10-09 01:26:42,056 INFO httpx: HTTP Request: POST https://api.opentyphoon.ai/v1/chat/completions "HTTP/1.1 200 OK"
2026-10-09 01:26:42,064 INFO httpx: HTTP Request: POST https://api.iapp.co.th/v3/store/openthai/systemone "HTTP/1.1 200 OK"
2026-10-09 01:26:46,640 INFO httpx: HTTP Request: POST https://api.opentyphoon.ai/v1/chat/completions "HTTP/1.1 200 OK"
2026-10-09 01:26:46,650 INFO httpx: HTTP Request: POST https://api.iapp.co.th/v3/store/openthai/systemone "HTTP/1.1 200 OK"
2026-10-09 01:26:46,661 INFO httpx: HTTP Request: POST https://api.opentyphoon.ai/v1/chat/completions "HTTP/1.1 200 OK"
2026-10-09 01:26:46,670 INFO httpx: HTTP Request: POST https://api.iapp.co.th/v3/store/openthai/systemone "HTTP/1.1 200 OK"
2026-10-09 01:26:46,741 INFO httpx: HTTP Request: POST https://api.iapp.co.th/v3/store/openthai/systemone "HTTP/1.1 200 OK"
2026-10-09 01:26:46,751 INFO httpx: HTTP Request: POST https://api.opentyphoon.ai/v1/chat/completions "HTTP/1.1 200 OK"
2026-10-09 01:26:46,763 INFO httpx: HTTP Request: POST https://api.opentyphoon.ai/v1/chat/completions "HTTP/1.1 200 OK"
2026-10-09 01:26:46,779 INFO httpx: HTTP Request: POST https://api.opentyphoon.ai/v1/chat/completions "HTTP/1.1 200 OK"
2026-10-09 01:26:46,786 INFO httpx: HTTP Request: POST https://api.iapp.co.th/v3/store/openthai/systemone "HTTP/1.1 200 OK"
2026-10-09 01:26:51,382 INFO httpx: HTTP Request: POST https://api.opentyphoon.ai/v1/chat/completions "HTTP/1.1 200 OK"
2026-10-09 01:26:51,392 INFO httpx: HTTP Request: POST https://api.iapp.co.th/v3/store/openthai/systemone "HTTP/1.1 200 OK"
2026-10-09 01:26:51,401 INFO httpx: HTTP Request: POST https://api.opentyphoon.ai/v1/chat/completions "HTTP/1.1 200 OK"
2026-10-09 01:26:51,409 INFO httpx: HTTP Request: POST https://api.iapp.co.th/v3/store/openthai/systemone "HTTP/1.1 200 OK"
2026-10-09 01:26:51,412 WARNING labclear.report: range_not_compared shapes=(aa):
2026-10-09 01:26:51,472 INFO httpx: HTTP Request: POST https://api.iapp.co.th/v3/store/openthai/systemone "HTTP/1.1 200 OK"
2026-10-09 01:26:51,481 INFO httpx: HTTP Request: POST https://api.opentyphoon.ai/v1/chat/completions "HTTP/1.1 200 OK"
2026-10-09 01:26:51,492 INFO httpx: HTTP Request: POST https://api.opentyphoon.ai/v1/chat/completions "HTTP/1.1 200 OK"
2026-10-09 01:26:51,504 INFO httpx: HTTP Request: POST https://api.opentyphoon.ai/v1/chat/completions "HTTP/1.1 200 OK"
2026-10-09 01:26:51,513 INFO httpx: HTTP Request: POST https://api.iapp.co.th/v3/store/openthai/systemone "HTTP/1.1 200 OK"
2026-10-09 01:26:56,128 INFO httpx: HTTP Request: POST https://api.opentyphoon.ai/v1/chat/completions "HTTP/1.1 200 OK"
2026-10-09 01:26:56,137 INFO httpx: HTTP Request: POST https://api.iapp.co.th/v3/store/openthai/systemone "HTTP/1.1 200 OK"
2026-10-09 01:26:56,146 INFO httpx: HTTP Request: POST https://api.opentyphoon.ai/v1/chat/completions "HTTP/1.1 200 OK"
2026-10-09 01:26:56,153 INFO httpx: HTTP Request: POST https://api.iapp.co.th/v3/store/openthai/systemone "HTTP/1.1 200 OK"
2026-10-09 01:26:56,155 WARNING labclear.report: range_not_compared shapes=(aaaaaaaaa) | aaaaaaaaaaaaaaaaaaa
2026-10-09 01:26:56,218 INFO httpx: HTTP Request: POST https://api.iapp.co.th/v3/store/openthai/systemone "HTTP/1.1 200 OK"
2026-10-09 01:26:56,228 INFO httpx: HTTP Request: POST https://api.opentyphoon.ai/v1/chat/completions "HTTP/1.1 200 OK"
2026-10-09 01:26:56,238 INFO httpx: HTTP Request: POST https://api.opentyphoon.ai/v1/chat/completions "HTTP/1.1 200 OK"
2026-10-09 01:26:56,253 INFO httpx: HTTP Request: POST https://api.opentyphoon.ai/v1/chat/completions "HTTP/1.1 200 OK"
2026-10-09 01:26:56,261 INFO httpx: HTTP Request: POST https://api.iapp.co.th/v3/store/openthai/systemone "HTTP/1.1 200 OK"
2026-10-09 01:27:45,826 INFO httpx: HTTP Request: POST https://api.opentyphoon.ai/v1/chat/completions "HTTP/1.1 200 OK"
2026-10-09 01:27:45,835 INFO httpx: HTTP Request: POST https://api.iapp.co.th/v3/store/openthai/systemone "HTTP/1.1 200 OK"
2026-10-09 01:27:45,843 INFO httpx: HTTP Request: POST https://api.opentyphoon.ai/v1/chat/completions "HTTP/1.1 200 OK"
2026-10-09 01:27:45,851 INFO httpx: HTTP Request: POST https://api.iapp.co.th/v3/store/openthai/systemone "HTTP/1.1 200 OK"
2026-10-09 01:27:45,854 WARNING labclear.report: range_not_compared shapes=aaa aaaaaaaaaaa
2026-10-09 01:27:45,916 INFO httpx: HTTP Request: POST https://api.iapp.co.th/v3/store/openthai/systemone "HTTP/1.1 200 OK"
2026-10-09 01:27:45,928 INFO httpx: HTTP Request: POST https://api.opentyphoon.ai/v1/chat/completions "HTTP/1.1 200 OK"
2026-10-09 01:27:45,941 INFO httpx: HTTP Request: POST https://api.opentyphoon.ai/v1/chat/completions "HTTP/1.1 200 OK"
2026-10-09 01:27:45,955 INFO httpx: HTTP Request: POST https://api.opentyphoon.ai/v1/chat/completions "HTTP/1.1 200 OK"
2026-10-09 01:27:45,962 INFO httpx: HTTP Request: POST https://api.iapp.co.th/v3/store/openthai/systemone "HTTP/1.1 200 OK"
2026-10-09 01:27:54,769 INFO httpx: HTTP Request: POST https://api.opentyphoon.ai/v1/chat/completions "HTTP/1.1 200 OK"
2026-10-09 01:27:54,779 INFO httpx: HTTP Request: POST https://api.iapp.co.th/v3/store/openthai/systemone "HTTP/1.1 200 OK"
2026-10-09 01:27:54,787 INFO httpx: HTTP Request: POST https://api.opentyphoon.ai/v1/chat/completions "HTTP/1.1 200 OK"
2026-10-09 01:27:54,796 INFO httpx: HTTP Request: POST https://api.iapp.co.th/v3/store/openthai/systemone "HTTP/1.1 200 OK"
2026-10-09 01:27:54,898 INFO httpx: HTTP Request: POST https://api.iapp.co.th/v3/store/openthai/systemone "HTTP/1.1 200 OK"
2026-10-09 01:27:54,908 INFO httpx: HTTP Request: POST https://api.opentyphoon.ai/v1/chat/completions "HTTP/1.1 200 OK"
2026-10-09 01:27:54,921 INFO httpx: HTTP Request: POST https://api.opentyphoon.ai/v1/chat/completions "HTTP/1.1 200 OK"
2026-10-09 01:27:54,944 INFO httpx: HTTP Request: POST https://api.opentyphoon.ai/v1/chat/completions "HTTP/1.1 200 OK"
2026-10-09 01:27:54,953 INFO httpx: HTTP Request: POST https://api.iapp.co.th/v3/store/openthai/systemone "HTTP/1.1 200 OK"
2026-10-09 01:27:55,125 INFO httpx: HTTP Request: POST https://api.iapp.co.th/v3/store/openthai/systemone "HTTP/1.1 200 OK"
2026-10-09 01:27:55,136 INFO httpx: HTTP Request: POST https://api.opentyphoon.ai/v1/chat/completions "HTTP/1.1 200 OK"
2026-10-09 01:27:55,146 INFO httpx: HTTP Request: POST https://api.opentyphoon.ai/v1/chat/completions "HTTP/1.1 200 OK"
2026-10-09 01:27:55,155 INFO httpx: HTTP Request: POST https://api.opentyphoon.ai/v1/chat/completions "HTTP/1.1 200 OK"
2026-10-09 01:27:55,163 INFO httpx: HTTP Request: POST https://api.iapp.co.th/v3/store/openthai/systemone "HTTP/1.1 200 OK"
2026-10-09 01:27:55,237 INFO httpx: HTTP Request: POST https://api.iapp.co.th/v3/store/openthai/systemone "HTTP/1.1 200 OK"
2026-10-09 01:27:55,250 INFO httpx: HTTP Request: POST https://api.opentyphoon.ai/v1/chat/completions "HTTP/1.1 200 OK"
2026-10-09 01:27:55,262 INFO httpx: HTTP Request: POST https://api.opentyphoon.ai/v1/chat/completions "HTTP/1.1 200 OK"
2026-10-09 01:27:55,273 INFO httpx: HTTP Request: POST https://api.opentyphoon.ai/v1/chat/completions "HTTP/1.1 200 OK"
2026-10-09 01:27:55,282 INFO httpx: HTTP Request: POST https://api.iapp.co.th/v3/store/openthai/systemone "HTTP/1.1 200 OK"
2026-10-09 01:27:55,357 INFO httpx: HTTP Request: POST https://api.iapp.co.th/v3/store/openthai/systemone "HTTP/1.1 200 OK"
2026-10-09 01:27:55,368 INFO httpx: HTTP Request: POST https://api.opentyphoon.ai/v1/chat/completions "HTTP/1.1 200 OK"
2026-10-09 01:27:55,379 INFO httpx: HTTP Request: POST https://api.opentyphoon.ai/v1/chat/completions "HTTP/1.1 200 OK"
2026-10-09 01:27:55,390 INFO httpx: HTTP Request: POST https://api.opentyphoon.ai/v1/chat/completions "HTTP/1.1 200 OK"
2026-10-09 01:27:55,398 INFO httpx: HTTP Request: POST https://api.iapp.co.th/v3/store/openthai/systemone "HTTP/1.1 200 OK"
2026-10-09 01:27:55,476 INFO httpx: HTTP Request: POST https://api.iapp.co.th/v3/store/openthai/systemone "HTTP/1.1 200 OK"
2026-10-09 01:27:55,486 INFO httpx: HTTP Request: POST https://api.opentyphoon.ai/v1/chat/completions "HTTP/1.1 200 OK"
2026-10-09 01:27:55,496 INFO httpx: HTTP Request: POST https://api.opentyphoon.ai/v1/chat/completions "HTTP/1.1 200 OK"
2026-10-09 01:27:55,505 INFO httpx: HTTP Request: POST https://api.opentyphoon.ai/v1/chat/completions "HTTP/1.1 200 OK"
2026-10-09 01:27:55,513 INFO httpx: HTTP Request: POST https://api.iapp.co.th/v3/store/openthai/systemone "HTTP/1.1 200 OK"
2026-10-09 01:27:55,585 INFO httpx: HTTP Request: POST https://api.iapp.co.th/v3/store/openthai/systemone "HTTP/1.1 200 OK"
2026-10-09 01:27:55,596 INFO httpx: HTTP Request: POST https://api.opentyphoon.ai/v1/chat/completions "HTTP/1.1 200 OK"
2026-10-09 01:27:55,604 INFO httpx: HTTP Request: POST https://api.opentyphoon.ai/v1/chat/completions "HTTP/1.1 200 OK"
2026-10-09 01:27:55,614 INFO httpx: HTTP Request: POST https://api.opentyphoon.ai/v1/chat/completions "HTTP/1.1 200 OK"
2026-10-09 01:27:55,622 INFO httpx: HTTP Request: POST https://api.iapp.co.th/v3/store/openthai/systemone "HTTP/1.1 200 OK"
2026-10-09 01:27:55,690 INFO httpx: HTTP Request: POST https://api.iapp.co.th/v3/store/openthai/systemone "HTTP/1.1 200 OK"
2026-10-09 01:27:55,703 INFO httpx: HTTP Request: POST https://api.opentyphoon.ai/v1/chat/completions "HTTP/1.1 200 OK"
2026-10-09 01:27:55,712 INFO httpx: HTTP Request: POST https://api.opentyphoon.ai/v1/chat/completions "HTTP/1.1 200 OK"
2026-10-09 01:27:55,723 INFO httpx: HTTP Request: POST https://api.opentyphoon.ai/v1/chat/completions "HTTP/1.1 200 OK"
2026-10-09 01:27:55,731 INFO httpx: HTTP Request: POST https://api.iapp.co.th/v3/store/openthai/systemone "HTTP/1.1 200 OK"
2026-10-09 01:27:55,808 INFO httpx: HTTP Request: POST https://api.iapp.co.th/v3/store/openthai/systemone "HTTP/1.1 200 OK"
2026-10-09 01:27:55,820 INFO httpx: HTTP Request: POST https://api.opentyphoon.ai/v1/chat/completions "HTTP/1.1 200 OK"
2026-10-09 01:27:55,832 INFO httpx: HTTP Request: POST https://api.opentyphoon.ai/v1/chat/completions "HTTP/1.1 200 OK"
2026-10-09 01:27:55,843 INFO httpx: HTTP Request: POST https://api.opentyphoon.ai/v1/chat/completions "HTTP/1.1 200 OK"
2026-10-09 01:27:55,853 INFO httpx: HTTP Request: POST https://api.iapp.co.th/v3/store/openthai/systemone "HTTP/1.1 200 OK"
2026-10-09 01:27:55,930 INFO httpx: HTTP Request: POST https://api.iapp.co.th/v3/store/openthai/systemone "HTTP/1.1 200 OK"
2026-10-09 01:27:55,941 INFO httpx: HTTP Request: POST https://api.opentyphoon.ai/v1/chat/completions "HTTP/1.1 200 OK"
2026-10-09 01:27:55,951 INFO httpx: HTTP Request: POST https://api.opentyphoon.ai/v1/chat/completions "HTTP/1.1 200 OK"
2026-10-09 01:27:55,963 INFO httpx: HTTP Request: POST https://api.opentyphoon.ai/v1/chat/completions "HTTP/1.1 200 OK"
2026-10-09 01:27:55,972 INFO httpx: HTTP Request: POST https://api.iapp.co.th/v3/store/openthai/systemone "HTTP/1.1 200 OK"
2026-10-09 01:27:56,066 INFO httpx: HTTP Request: POST https://api.iapp.co.th/v3/store/openthai/systemone "HTTP/1.1 200 OK"
2026-10-09 01:27:56,079 INFO httpx: HTTP Request: POST https://api.opentyphoon.ai/v1/chat/completions "HTTP/1.1 200 OK"
2026-10-09 01:27:56,090 INFO httpx: HTTP Request: POST https://api.opentyphoon.ai/v1/chat/completions "HTTP/1.1 200 OK"
2026-10-09 01:27:56,101 INFO httpx: HTTP Request: POST https://api.opentyphoon.ai/v1/chat/completions "HTTP/1.1 200 OK"
2026-10-09 01:27:56,110 INFO httpx: HTTP Request: POST https://api.iapp.co.th/v3/store/openthai/systemone "HTTP/1.1 200 OK"
2026-10-09 01:27:56,249 INFO httpx: HTTP Request: POST https://api.iapp.co.th/v3/store/openthai/systemone "HTTP/1.1 200 OK"
2026-10-09 01:27:56,263 INFO httpx: HTTP Request: POST https://api.opentyphoon.ai/v1/chat/completions "HTTP/1.1 200 OK"
2026-10-09 01:27:56,275 INFO httpx: HTTP Request: POST https://api.opentyphoon.ai/v1/chat/completions "HTTP/1.1 200 OK"
2026-10-09 01:27:56,286 INFO httpx: HTTP Request: POST https://api.opentyphoon.ai/v1/chat/completions "HTTP/1.1 200 OK"
2026-10-09 01:27:56,294 INFO httpx: HTTP Request: POST https://api.iapp.co.th/v3/store/openthai/systemone "HTTP/1.1 200 OK"
2026-10-09 01:28:41,029 INFO httpx: HTTP Request: POST https://api.iapp.co.th/v3/store/openthai/systemone "HTTP/1.1 200 OK"
2026-10-09 01:28:41,045 INFO httpx: HTTP Request: POST https://api.opentyphoon.ai/v1/chat/completions "HTTP/1.1 200 OK"
2026-10-09 01:28:41,054 INFO httpx: HTTP Request: POST https://api.opentyphoon.ai/v1/chat/completions "HTTP/1.1 200 OK"
2026-10-09 01:28:41,064 INFO httpx: HTTP Request: POST https://api.opentyphoon.ai/v1/chat/completions "HTTP/1.1 200 OK"
2026-10-09 01:28:41,073 INFO httpx: HTTP Request: POST https://api.iapp.co.th/v3/store/openthai/systemone "HTTP/1.1 200 OK"
2026-10-09 01:28:45,942 INFO httpx: HTTP Request: POST https://api.iapp.co.th/v3/store/openthai/systemone "HTTP/1.1 200 OK"
2026-10-09 01:28:45,953 INFO httpx: HTTP Request: POST https://api.opentyphoon.ai/v1/chat/completions "HTTP/1.1 200 OK"
2026-10-09 01:28:45,965 INFO httpx: HTTP Request: POST https://api.opentyphoon.ai/v1/chat/completions "HTTP/1.1 200 OK"
2026-10-09 01:28:45,975 INFO httpx: HTTP Request: POST https://api.opentyphoon.ai/v1/chat/completions "HTTP/1.1 200 OK"
2026-10-09 01:28:45,984 INFO httpx: HTTP Request: POST https://api.iapp.co.th/v3/store/openthai/systemone "HTTP/1.1 200 OK"
2026-10-09 01:28:46,001 INFO httpx: HTTP Request: POST https://api.iapp.co.th/v3/store/openthai/systemone "HTTP/1.1 200 OK"
2026-10-09 01:28:46,012 INFO httpx: HTTP Request: POST https://api.opentyphoon.ai/v1/chat/completions "HTTP/1.1 200 OK"
2026-10-09 01:28:46,024 INFO httpx: HTTP Request: POST https://api.opentyphoon.ai/v1/chat/completions "HTTP/1.1 200 OK"
2026-10-09 01:28:46,037 INFO httpx: HTTP Request: POST https://api.opentyphoon.ai/v1/chat/completions "HTTP/1.1 200 OK"
2026-10-09 01:28:46,045 INFO httpx: HTTP Request: POST https://api.iapp.co.th/v3/store/openthai/systemone "HTTP/1.1 200 OK"
2026-10-09 01:28:46,119 INFO httpx: HTTP Request: POST https://api.iapp.co.th/v3/store/openthai/systemone "HTTP/1.1 200 OK"
2026-10-09 01:28:46,131 INFO httpx: HTTP Request: POST https://api.opentyphoon.ai/v1/chat/completions "HTTP/1.1 200 OK"
2026-10-09 01:28:46,140 INFO httpx: HTTP Request: POST https://api.opentyphoon.ai/v1/chat/completions "HTTP/1.1 200 OK"
2026-10-09 01:28:46,150 INFO httpx: HTTP Request: POST https://api.opentyphoon.ai/v1/chat/completions "HTTP/1.1 200 OK"
2026-10-09 01:28:46,159 INFO httpx: HTTP Request: POST https://api.iapp.co.th/v3/store/openthai/systemone "HTTP/1.1 200 OK"
2026-10-09 01:28:54,911 INFO httpx: HTTP Request: POST https://api.iapp.co.th/v3/store/openthai/systemone "HTTP/1.1 200 OK"
2026-10-09 01:28:54,923 INFO httpx: HTTP Request: POST https://api.opentyphoon.ai/v1/chat/completions "HTTP/1.1 200 OK"
2026-10-09 01:28:54,933 INFO httpx: HTTP Request: POST https://api.opentyphoon.ai/v1/chat/completions "HTTP/1.1 200 OK"
2026-10-09 01:28:54,944 INFO httpx: HTTP Request: POST https://api.opentyphoon.ai/v1/chat/completions "HTTP/1.1 200 OK"
2026-10-09 01:28:54,952 INFO httpx: HTTP Request: POST https://api.iapp.co.th/v3/store/openthai/systemone "HTTP/1.1 200 OK"
