
> labclear-web@4.0.0-rc1 prebuild
> node scripts/sync-seed.mjs && node scripts/merge-i18n.mjs

seed data synced
i18n: 2260 Thai strings

> labclear-web@4.0.0-rc1 build
> next build

▲ Next.js 16.3.8 (Turbopack)
✓ Running next.config.ts took 82ms

  Creating an optimized production build ...
✓ Compiled successfully in 16.4s
  Running TypeScript ...
  Finished TypeScript in 18.6s ...
  Collecting page data using 1 worker ...
  Generating static pages using 1 worker (0/13) ...
  Generating static pages using 1 worker (3/13) 
  Generating static pages using 1 worker (6/13) 
  Generating static pages using 1 worker (9/13) 
✓ Generating static pages using 1 worker (13/13) in 373ms
  Finalizing page optimization ...

Route (app)
┌ ƒ /
├ ƒ /_not-found
├ ƒ /app
├ ƒ /centers
├ ƒ /compare
├ ƒ /help
├ ƒ /hospital-links
├ ƒ /lab-report/[id]
├ ƒ /lab-reports
├ ƒ /organizations
├ ƒ /packages
├ ƒ /packages/[id]
├ ƒ /pay/sim/[id]
├ ƒ /privacy
├ ƒ /sources
└ ƒ /staff


ƒ  (Dynamic)  server-rendered on demand

build=0
