2026-10-09 02:17:02,555 INFO httpx: HTTP Request: POST https://api.iapp.co.th/v3/store/openthai/systemone "HTTP/1.1 200 OK"
2026-10-09 02:17:02,704 INFO httpx: HTTP Request: POST https://api.opentyphoon.ai/v1/chat/completions "HTTP/1.1 200 OK"
2026-10-09 02:17:02,744 INFO httpx: HTTP Request: POST https://api.opentyphoon.ai/v1/chat/completions "HTTP/1.1 200 OK"
2026-10-09 02:17:02,792 INFO httpx: HTTP Request: POST https://api.opentyphoon.ai/v1/chat/completions "HTTP/1.1 200 OK"
2026-10-09 02:17:02,816 INFO httpx: HTTP Request: POST https://api.iapp.co.th/v3/store/openthai/systemone "HTTP/1.1 200 OK"
2026-10-09 02:17:03,028 INFO httpx: HTTP Request: POST https://api.iapp.co.th/v3/store/openthai/systemone "HTTP/1.1 200 OK"
2026-10-09 02:17:03,055 INFO httpx: HTTP Request: POST https://api.opentyphoon.ai/v1/chat/completions "HTTP/1.1 200 OK"
2026-10-09 02:17:03,090 INFO httpx: HTTP Request: POST https://api.opentyphoon.ai/v1/chat/completions "HTTP/1.1 200 OK"
2026-10-09 02:17:03,120 INFO httpx: HTTP Request: POST https://api.opentyphoon.ai/v1/chat/completions "HTTP/1.1 200 OK"
2026-10-09 02:17:03,143 INFO httpx: HTTP Request: POST https://api.iapp.co.th/v3/store/openthai/systemone "HTTP/1.1 200 OK"
2026-10-09 02:17:03,389 INFO httpx: HTTP Request: POST https://api.iapp.co.th/v3/store/openthai/systemone "HTTP/1.1 200 OK"
2026-10-09 02:17:03,460 INFO httpx: HTTP Request: POST https://api.opentyphoon.ai/v1/chat/completions "HTTP/1.1 200 OK"
2026-10-09 02:17:03,495 INFO httpx: HTTP Request: POST https://api.opentyphoon.ai/v1/chat/completions "HTTP/1.1 200 OK"
2026-10-09 02:17:03,527 INFO httpx: HTTP Request: POST https://api.opentyphoon.ai/v1/chat/completions "HTTP/1.1 200 OK"
2026-10-09 02:17:03,548 INFO httpx: HTTP Request: POST https://api.iapp.co.th/v3/store/openthai/systemone "HTTP/1.1 200 OK"
2026-10-09 02:17:03,809 INFO httpx: HTTP Request: POST https://api.iapp.co.th/v3/store/openthai/systemone "HTTP/1.1 200 OK"
2026-10-09 02:17:03,846 INFO httpx: HTTP Request: POST https://api.opentyphoon.ai/v1/chat/completions "HTTP/1.1 200 OK"
2026-10-09 02:17:03,873 INFO httpx: HTTP Request: POST https://api.opentyphoon.ai/v1/chat/completions "HTTP/1.1 200 OK"
2026-10-09 02:17:03,900 INFO httpx: HTTP Request: POST https://api.opentyphoon.ai/v1/chat/completions "HTTP/1.1 200 OK"
2026-10-09 02:17:03,916 INFO httpx: HTTP Request: POST https://api.iapp.co.th/v3/store/openthai/systemone "HTTP/1.1 200 OK"
2026-10-09 02:17:04,092 INFO httpx: HTTP Request: POST https://api.iapp.co.th/v3/store/openthai/systemone "HTTP/1.1 200 OK"
2026-10-09 02:17:04,125 INFO httpx: HTTP Request: POST https://api.opentyphoon.ai/v1/chat/completions "HTTP/1.1 200 OK"
2026-10-09 02:17:04,160 INFO httpx: HTTP Request: POST https://api.opentyphoon.ai/v1/chat/completions "HTTP/1.1 200 OK"
2026-10-09 02:17:04,195 INFO httpx: HTTP Request: POST https://api.opentyphoon.ai/v1/chat/completions "HTTP/1.1 200 OK"
2026-10-09 02:17:04,224 INFO httpx: HTTP Request: POST https://api.iapp.co.th/v3/store/openthai/systemone "HTTP/1.1 200 OK"
2026-10-09 02:17:04,474 INFO httpx: HTTP Request: POST https://api.iapp.co.th/v3/store/openthai/systemone "HTTP/1.1 200 OK"
2026-10-09 02:17:04,531 INFO httpx: HTTP Request: POST https://api.opentyphoon.ai/v1/chat/completions "HTTP/1.1 200 OK"
2026-10-09 02:17:04,556 INFO httpx: HTTP Request: POST https://api.opentyphoon.ai/v1/chat/completions "HTTP/1.1 200 OK"
2026-10-09 02:17:04,594 INFO httpx: HTTP Request: POST https://api.opentyphoon.ai/v1/chat/completions "HTTP/1.1 200 OK"
2026-10-09 02:17:04,627 INFO httpx: HTTP Request: POST https://api.iapp.co.th/v3/store/openthai/systemone "HTTP/1.1 200 OK"
2026-10-09 02:17:04,889 INFO httpx: HTTP Request: POST https://api.iapp.co.th/v3/store/openthai/systemone "HTTP/1.1 200 OK"
2026-10-09 02:17:04,911 INFO httpx: HTTP Request: POST https://api.opentyphoon.ai/v1/chat/completions "HTTP/1.1 200 OK"
2026-10-09 02:17:04,940 INFO httpx: HTTP Request: POST https://api.opentyphoon.ai/v1/chat/completions "HTTP/1.1 200 OK"
2026-10-09 02:17:04,973 INFO httpx: HTTP Request: POST https://api.opentyphoon.ai/v1/chat/completions "HTTP/1.1 200 OK"
2026-10-09 02:17:04,989 INFO httpx: HTTP Request: POST https://api.iapp.co.th/v3/store/openthai/systemone "HTTP/1.1 200 OK"
2026-10-09 02:17:05,202 INFO httpx: HTTP Request: POST https://api.iapp.co.th/v3/store/openthai/systemone "HTTP/1.1 200 OK"
2026-10-09 02:17:05,222 INFO httpx: HTTP Request: POST https://api.opentyphoon.ai/v1/chat/completions "HTTP/1.1 200 OK"
2026-10-09 02:17:05,257 INFO httpx: HTTP Request: POST https://api.opentyphoon.ai/v1/chat/completions "HTTP/1.1 200 OK"
2026-10-09 02:17:05,289 INFO httpx: HTTP Request: POST https://api.opentyphoon.ai/v1/chat/completions "HTTP/1.1 200 OK"
2026-10-09 02:17:05,314 INFO httpx: HTTP Request: POST https://api.iapp.co.th/v3/store/openthai/systemone "HTTP/1.1 200 OK"
2026-10-09 02:17:05,446 INFO httpx: HTTP Request: POST https://api.iapp.co.th/v3/store/openthai/systemone "HTTP/1.1 200 OK"
2026-10-09 02:17:05,472 INFO httpx: HTTP Request: POST https://api.opentyphoon.ai/v1/chat/completions "HTTP/1.1 200 OK"
2026-10-09 02:17:05,494 INFO httpx: HTTP Request: POST https://api.opentyphoon.ai/v1/chat/completions "HTTP/1.1 200 OK"
2026-10-09 02:17:05,529 INFO httpx: HTTP Request: POST https://api.opentyphoon.ai/v1/chat/completions "HTTP/1.1 200 OK"
2026-10-09 02:17:05,550 INFO httpx: HTTP Request: POST https://api.iapp.co.th/v3/store/openthai/systemone "HTTP/1.1 200 OK"
2026-10-09 02:17:05,820 INFO httpx: HTTP Request: POST https://api.iapp.co.th/v3/store/openthai/systemone "HTTP/1.1 200 OK"
2026-10-09 02:17:05,863 INFO httpx: HTTP Request: POST https://api.opentyphoon.ai/v1/chat/completions "HTTP/1.1 200 OK"
2026-10-09 02:17:05,892 INFO httpx: HTTP Request: POST https://api.opentyphoon.ai/v1/chat/completions "HTTP/1.1 200 OK"
2026-10-09 02:17:05,920 INFO httpx: HTTP Request: POST https://api.opentyphoon.ai/v1/chat/completions "HTTP/1.1 200 OK"
2026-10-09 02:17:05,937 INFO httpx: HTTP Request: POST https://api.iapp.co.th/v3/store/openthai/systemone "HTTP/1.1 200 OK"
2026-10-09 02:17:14,917 INFO httpx: HTTP Request: POST https://api.opentyphoon.ai/v1/chat/completions "HTTP/1.1 200 OK"
2026-10-09 02:17:15,000 INFO httpx: HTTP Request: POST https://api.iapp.co.th/v3/store/openthai/systemone "HTTP/1.1 200 OK"
2026-10-09 02:17:15,049 INFO httpx: HTTP Request: POST https://api.opentyphoon.ai/v1/chat/completions "HTTP/1.1 200 OK"
2026-10-09 02:17:15,105 INFO httpx: HTTP Request: POST https://api.iapp.co.th/v3/store/openthai/systemone "HTTP/1.1 200 OK"
2026-10-09 02:17:15,369 INFO httpx: HTTP Request: POST https://api.iapp.co.th/v3/store/openthai/systemone "HTTP/1.1 200 OK"
2026-10-09 02:17:15,398 INFO httpx: HTTP Request: POST https://api.opentyphoon.ai/v1/chat/completions "HTTP/1.1 200 OK"
2026-10-09 02:17:15,455 INFO httpx: HTTP Request: POST https://api.opentyphoon.ai/v1/chat/completions "HTTP/1.1 200 OK"
2026-10-09 02:17:15,479 INFO httpx: HTTP Request: POST https://api.opentyphoon.ai/v1/chat/completions "HTTP/1.1 200 OK"
2026-10-09 02:17:15,520 INFO httpx: HTTP Request: POST https://api.opentyphoon.ai/v1/chat/completions "HTTP/1.1 200 OK"
2026-10-09 02:17:15,541 INFO httpx: HTTP Request: POST https://api.iapp.co.th/v3/store/openthai/systemone "HTTP/1.1 200 OK"
2026-10-09 02:17:22,433 INFO httpx: HTTP Request: POST https://api.opentyphoon.ai/v1/chat/completions "HTTP/1.1 200 OK"
2026-10-09 02:17:22,453 INFO httpx: HTTP Request: POST https://api.iapp.co.th/v3/store/openthai/systemone "HTTP/1.1 200 OK"
2026-10-09 02:17:22,471 INFO httpx: HTTP Request: POST https://api.opentyphoon.ai/v1/chat/completions "HTTP/1.1 200 OK"
2026-10-09 02:17:22,494 INFO httpx: HTTP Request: POST https://api.iapp.co.th/v3/store/openthai/systemone "HTTP/1.1 200 OK"
2026-10-09 02:17:22,498 WARNING labclear.report: range_not_compared shapes=(aa):
2026-10-09 02:17:22,927 INFO httpx: HTTP Request: POST https://api.iapp.co.th/v3/store/openthai/systemone "HTTP/1.1 200 OK"
2026-10-09 02:17:22,948 INFO httpx: HTTP Request: POST https://api.opentyphoon.ai/v1/chat/completions "HTTP/1.1 200 OK"
2026-10-09 02:17:22,976 INFO httpx: HTTP Request: POST https://api.opentyphoon.ai/v1/chat/completions "HTTP/1.1 200 OK"
2026-10-09 02:17:23,002 INFO httpx: HTTP Request: POST https://api.opentyphoon.ai/v1/chat/completions "HTTP/1.1 200 OK"
2026-10-09 02:17:23,032 INFO httpx: HTTP Request: POST https://api.opentyphoon.ai/v1/chat/completions "HTTP/1.1 200 OK"
2026-10-09 02:17:23,048 INFO httpx: HTTP Request: POST https://api.iapp.co.th/v3/store/openthai/systemone "HTTP/1.1 200 OK"
2026-10-09 02:17:28,272 INFO httpx: HTTP Request: POST https://api.opentyphoon.ai/v1/chat/completions "HTTP/1.1 200 OK"
2026-10-09 02:17:28,281 INFO httpx: HTTP Request: POST https://api.iapp.co.th/v3/store/openthai/systemone "HTTP/1.1 200 OK"
2026-10-09 02:17:28,290 INFO httpx: HTTP Request: POST https://api.opentyphoon.ai/v1/chat/completions "HTTP/1.1 200 OK"
2026-10-09 02:17:28,302 INFO httpx: HTTP Request: POST https://api.iapp.co.th/v3/store/openthai/systemone "HTTP/1.1 200 OK"
2026-10-09 02:17:28,306 WARNING labclear.report: range_not_compared shapes=(aaaaaaaaa) | aaaaaaaaaaaaaaaaaaa
2026-10-09 02:17:28,373 INFO httpx: HTTP Request: POST https://api.iapp.co.th/v3/store/openthai/systemone "HTTP/1.1 200 OK"
2026-10-09 02:17:28,383 INFO httpx: HTTP Request: POST https://api.opentyphoon.ai/v1/chat/completions "HTTP/1.1 200 OK"
2026-10-09 02:17:28,398 INFO httpx: HTTP Request: POST https://api.opentyphoon.ai/v1/chat/completions "HTTP/1.1 200 OK"
2026-10-09 02:17:28,407 INFO httpx: HTTP Request: POST https://api.opentyphoon.ai/v1/chat/completions "HTTP/1.1 200 OK"
2026-10-09 02:17:28,423 INFO httpx: HTTP Request: POST https://api.opentyphoon.ai/v1/chat/completions "HTTP/1.1 200 OK"
2026-10-09 02:17:28,431 INFO httpx: HTTP Request: POST https://api.iapp.co.th/v3/store/openthai/systemone "HTTP/1.1 200 OK"
2026-10-09 02:18:10,280 INFO httpx: HTTP Request: POST https://api.opentyphoon.ai/v1/chat/completions "HTTP/1.1 200 OK"
2026-10-09 02:18:10,460 INFO httpx: HTTP Request: POST https://api.iapp.co.th/v3/store/openthai/systemone "HTTP/1.1 200 OK"
2026-10-09 02:18:10,526 INFO httpx: HTTP Request: POST https://api.opentyphoon.ai/v1/chat/completions "HTTP/1.1 200 OK"
2026-10-09 02:18:10,543 INFO httpx: HTTP Request: POST https://api.iapp.co.th/v3/store/openthai/systemone "HTTP/1.1 200 OK"
2026-10-09 02:18:10,549 WARNING labclear.report: range_not_compared shapes=aaa aaaaaaaaaaa
2026-10-09 02:18:10,789 INFO httpx: HTTP Request: POST https://api.iapp.co.th/v3/store/openthai/systemone "HTTP/1.1 200 OK"
2026-10-09 02:18:10,822 INFO httpx: HTTP Request: POST https://api.opentyphoon.ai/v1/chat/completions "HTTP/1.1 200 OK"
2026-10-09 02:18:10,848 INFO httpx: HTTP Request: POST https://api.opentyphoon.ai/v1/chat/completions "HTTP/1.1 200 OK"
2026-10-09 02:18:10,870 INFO httpx: HTTP Request: POST https://api.opentyphoon.ai/v1/chat/completions "HTTP/1.1 200 OK"
2026-10-09 02:18:10,893 INFO httpx: HTTP Request: POST https://api.opentyphoon.ai/v1/chat/completions "HTTP/1.1 200 OK"
2026-10-09 02:18:10,918 INFO httpx: HTTP Request: POST https://api.iapp.co.th/v3/store/openthai/systemone "HTTP/1.1 200 OK"
2026-10-09 02:18:25,644 INFO httpx: HTTP Request: POST https://api.opentyphoon.ai/v1/chat/completions "HTTP/1.1 200 OK"
2026-10-09 02:18:25,663 INFO httpx: HTTP Request: POST https://api.iapp.co.th/v3/store/openthai/systemone "HTTP/1.1 200 OK"
2026-10-09 02:18:25,671 INFO httpx: HTTP Request: POST https://api.opentyphoon.ai/v1/chat/completions "HTTP/1.1 200 OK"
2026-10-09 02:18:25,688 INFO httpx: HTTP Request: POST https://api.iapp.co.th/v3/store/openthai/systemone "HTTP/1.1 200 OK"
2026-10-09 02:18:25,843 INFO httpx: HTTP Request: POST https://api.iapp.co.th/v3/store/openthai/systemone "HTTP/1.1 200 OK"
2026-10-09 02:18:25,862 INFO httpx: HTTP Request: POST https://api.opentyphoon.ai/v1/chat/completions "HTTP/1.1 200 OK"
2026-10-09 02:18:25,883 INFO httpx: HTTP Request: POST https://api.opentyphoon.ai/v1/chat/completions "HTTP/1.1 200 OK"
2026-10-09 02:18:25,899 INFO httpx: HTTP Request: POST https://api.opentyphoon.ai/v1/chat/completions "HTTP/1.1 200 OK"
2026-10-09 02:18:25,926 INFO httpx: HTTP Request: POST https://api.opentyphoon.ai/v1/chat/completions "HTTP/1.1 200 OK"
2026-10-09 02:18:25,934 INFO httpx: HTTP Request: POST https://api.iapp.co.th/v3/store/openthai/systemone "HTTP/1.1 200 OK"
2026-10-09 02:18:26,207 INFO httpx: HTTP Request: POST https://api.iapp.co.th/v3/store/openthai/systemone "HTTP/1.1 200 OK"
2026-10-09 02:18:26,241 INFO httpx: HTTP Request: POST https://api.opentyphoon.ai/v1/chat/completions "HTTP/1.1 200 OK"
2026-10-09 02:18:26,269 INFO httpx: HTTP Request: POST https://api.opentyphoon.ai/v1/chat/completions "HTTP/1.1 200 OK"
2026-10-09 02:18:26,287 INFO httpx: HTTP Request: POST https://api.opentyphoon.ai/v1/chat/completions "HTTP/1.1 200 OK"
2026-10-09 02:18:26,300 INFO httpx: HTTP Request: POST https://api.iapp.co.th/v3/store/openthai/systemone "HTTP/1.1 200 OK"
2026-10-09 02:18:26,543 INFO httpx: HTTP Request: POST https://api.iapp.co.th/v3/store/openthai/systemone "HTTP/1.1 200 OK"
2026-10-09 02:18:26,569 INFO httpx: HTTP Request: POST https://api.opentyphoon.ai/v1/chat/completions "HTTP/1.1 200 OK"
2026-10-09 02:18:26,599 INFO httpx: HTTP Request: POST https://api.opentyphoon.ai/v1/chat/completions "HTTP/1.1 200 OK"
2026-10-09 02:18:26,621 INFO httpx: HTTP Request: POST https://api.opentyphoon.ai/v1/chat/completions "HTTP/1.1 200 OK"
2026-10-09 02:18:26,640 INFO httpx: HTTP Request: POST https://api.iapp.co.th/v3/store/openthai/systemone "HTTP/1.1 200 OK"
2026-10-09 02:18:26,844 INFO httpx: HTTP Request: POST https://api.iapp.co.th/v3/store/openthai/systemone "HTTP/1.1 200 OK"
2026-10-09 02:18:26,876 INFO httpx: HTTP Request: POST https://api.opentyphoon.ai/v1/chat/completions "HTTP/1.1 200 OK"
2026-10-09 02:18:26,893 INFO httpx: HTTP Request: POST https://api.opentyphoon.ai/v1/chat/completions "HTTP/1.1 200 OK"
2026-10-09 02:18:26,919 INFO httpx: HTTP Request: POST https://api.opentyphoon.ai/v1/chat/completions "HTTP/1.1 200 OK"
2026-10-09 02:18:26,934 INFO httpx: HTTP Request: POST https://api.iapp.co.th/v3/store/openthai/systemone "HTTP/1.1 200 OK"
2026-10-09 02:18:27,133 INFO httpx: HTTP Request: POST https://api.iapp.co.th/v3/store/openthai/systemone "HTTP/1.1 200 OK"
2026-10-09 02:18:27,156 INFO httpx: HTTP Request: POST https://api.opentyphoon.ai/v1/chat/completions "HTTP/1.1 200 OK"
2026-10-09 02:18:27,173 INFO httpx: HTTP Request: POST https://api.opentyphoon.ai/v1/chat/completions "HTTP/1.1 200 OK"
2026-10-09 02:18:27,197 INFO httpx: HTTP Request: POST https://api.opentyphoon.ai/v1/chat/completions "HTTP/1.1 200 OK"
2026-10-09 02:18:27,210 INFO httpx: HTTP Request: POST https://api.iapp.co.th/v3/store/openthai/systemone "HTTP/1.1 200 OK"
2026-10-09 02:18:27,389 INFO httpx: HTTP Request: POST https://api.iapp.co.th/v3/store/openthai/systemone "HTTP/1.1 200 OK"
2026-10-09 02:18:27,408 INFO httpx: HTTP Request: POST https://api.opentyphoon.ai/v1/chat/completions "HTTP/1.1 200 OK"
2026-10-09 02:18:27,430 INFO httpx: HTTP Request: POST https://api.opentyphoon.ai/v1/chat/completions "HTTP/1.1 200 OK"
2026-10-09 02:18:27,450 INFO httpx: HTTP Request: POST https://api.opentyphoon.ai/v1/chat/completions "HTTP/1.1 200 OK"
2026-10-09 02:18:27,472 INFO httpx: HTTP Request: POST https://api.iapp.co.th/v3/store/openthai/systemone "HTTP/1.1 200 OK"
2026-10-09 02:18:27,665 INFO httpx: HTTP Request: POST https://api.iapp.co.th/v3/store/openthai/systemone "HTTP/1.1 200 OK"
2026-10-09 02:18:27,688 INFO httpx: HTTP Request: POST https://api.opentyphoon.ai/v1/chat/completions "HTTP/1.1 200 OK"
2026-10-09 02:18:27,709 INFO httpx: HTTP Request: POST https://api.opentyphoon.ai/v1/chat/completions "HTTP/1.1 200 OK"
2026-10-09 02:18:27,729 INFO httpx: HTTP Request: POST https://api.opentyphoon.ai/v1/chat/completions "HTTP/1.1 200 OK"
2026-10-09 02:18:27,740 INFO httpx: HTTP Request: POST https://api.iapp.co.th/v3/store/openthai/systemone "HTTP/1.1 200 OK"
2026-10-09 02:18:27,834 INFO httpx: HTTP Request: POST https://api.iapp.co.th/v3/store/openthai/systemone "HTTP/1.1 200 OK"
2026-10-09 02:18:27,853 INFO httpx: HTTP Request: POST https://api.opentyphoon.ai/v1/chat/completions "HTTP/1.1 200 OK"
2026-10-09 02:18:27,877 INFO httpx: HTTP Request: POST https://api.opentyphoon.ai/v1/chat/completions "HTTP/1.1 200 OK"
2026-10-09 02:18:27,892 INFO httpx: HTTP Request: POST https://api.opentyphoon.ai/v1/chat/completions "HTTP/1.1 200 OK"
2026-10-09 02:18:27,908 INFO httpx: HTTP Request: POST https://api.iapp.co.th/v3/store/openthai/systemone "HTTP/1.1 200 OK"
2026-10-09 02:18:28,030 INFO httpx: HTTP Request: POST https://api.iapp.co.th/v3/store/openthai/systemone "HTTP/1.1 200 OK"
2026-10-09 02:18:28,048 INFO httpx: HTTP Request: POST https://api.opentyphoon.ai/v1/chat/completions "HTTP/1.1 200 OK"
2026-10-09 02:18:28,070 INFO httpx: HTTP Request: POST https://api.opentyphoon.ai/v1/chat/completions "HTTP/1.1 200 OK"
2026-10-09 02:18:28,092 INFO httpx: HTTP Request: POST https://api.opentyphoon.ai/v1/chat/completions "HTTP/1.1 200 OK"
2026-10-09 02:18:28,106 INFO httpx: HTTP Request: POST https://api.iapp.co.th/v3/store/openthai/systemone "HTTP/1.1 200 OK"
2026-10-09 02:18:28,235 INFO httpx: HTTP Request: POST https://api.iapp.co.th/v3/store/openthai/systemone "HTTP/1.1 200 OK"
2026-10-09 02:18:28,245 INFO httpx: HTTP Request: POST https://api.opentyphoon.ai/v1/chat/completions "HTTP/1.1 200 OK"
2026-10-09 02:18:28,256 INFO httpx: HTTP Request: POST https://api.opentyphoon.ai/v1/chat/completions "HTTP/1.1 200 OK"
2026-10-09 02:18:28,266 INFO httpx: HTTP Request: POST https://api.opentyphoon.ai/v1/chat/completions "HTTP/1.1 200 OK"
2026-10-09 02:18:28,280 INFO httpx: HTTP Request: POST https://api.iapp.co.th/v3/store/openthai/systemone "HTTP/1.1 200 OK"
2026-10-09 02:18:28,382 INFO httpx: HTTP Request: POST https://api.iapp.co.th/v3/store/openthai/systemone "HTTP/1.1 200 OK"
2026-10-09 02:18:28,400 INFO httpx: HTTP Request: POST https://api.opentyphoon.ai/v1/chat/completions "HTTP/1.1 200 OK"
2026-10-09 02:18:28,417 INFO httpx: HTTP Request: POST https://api.opentyphoon.ai/v1/chat/completions "HTTP/1.1 200 OK"
2026-10-09 02:18:28,433 INFO httpx: HTTP Request: POST https://api.opentyphoon.ai/v1/chat/completions "HTTP/1.1 200 OK"
2026-10-09 02:18:28,461 INFO httpx: HTTP Request: POST https://api.iapp.co.th/v3/store/openthai/systemone "HTTP/1.1 200 OK"
2026-10-09 02:19:02,446 INFO httpx: HTTP Request: POST https://api.iapp.co.th/v3/store/openthai/systemone "HTTP/1.1 200 OK"
2026-10-09 02:19:02,459 INFO httpx: HTTP Request: POST https://api.opentyphoon.ai/v1/chat/completions "HTTP/1.1 200 OK"
2026-10-09 02:19:02,480 INFO httpx: HTTP Request: POST https://api.opentyphoon.ai/v1/chat/completions "HTTP/1.1 200 OK"
2026-10-09 02:19:02,495 INFO httpx: HTTP Request: POST https://api.opentyphoon.ai/v1/chat/completions "HTTP/1.1 200 OK"
2026-10-09 02:19:02,505 INFO httpx: HTTP Request: POST https://api.iapp.co.th/v3/store/openthai/systemone "HTTP/1.1 200 OK"
2026-10-09 02:19:10,716 INFO httpx: HTTP Request: POST https://api.iapp.co.th/v3/store/openthai/systemone "HTTP/1.1 200 OK"
2026-10-09 02:19:10,727 INFO httpx: HTTP Request: POST https://api.opentyphoon.ai/v1/chat/completions "HTTP/1.1 200 OK"
2026-10-09 02:19:10,741 INFO httpx: HTTP Request: POST https://api.opentyphoon.ai/v1/chat/completions "HTTP/1.1 200 OK"
2026-10-09 02:19:10,754 INFO httpx: HTTP Request: POST https://api.opentyphoon.ai/v1/chat/completions "HTTP/1.1 200 OK"
2026-10-09 02:19:10,762 INFO httpx: HTTP Request: POST https://api.iapp.co.th/v3/store/openthai/systemone "HTTP/1.1 200 OK"
2026-10-09 02:19:10,776 INFO httpx: HTTP Request: POST https://api.iapp.co.th/v3/store/openthai/systemone "HTTP/1.1 200 OK"
2026-10-09 02:19:10,785 INFO httpx: HTTP Request: POST https://api.opentyphoon.ai/v1/chat/completions "HTTP/1.1 200 OK"
2026-10-09 02:19:10,797 INFO httpx: HTTP Request: POST https://api.opentyphoon.ai/v1/chat/completions "HTTP/1.1 200 OK"
2026-10-09 02:19:10,807 INFO httpx: HTTP Request: POST https://api.opentyphoon.ai/v1/chat/completions "HTTP/1.1 200 OK"
2026-10-09 02:19:10,816 INFO httpx: HTTP Request: POST https://api.iapp.co.th/v3/store/openthai/systemone "HTTP/1.1 200 OK"
2026-10-09 02:19:11,154 INFO httpx: HTTP Request: POST https://api.iapp.co.th/v3/store/openthai/systemone "HTTP/1.1 200 OK"
2026-10-09 02:19:11,168 INFO httpx: HTTP Request: POST https://api.opentyphoon.ai/v1/chat/completions "HTTP/1.1 200 OK"
2026-10-09 02:19:11,183 INFO httpx: HTTP Request: POST https://api.opentyphoon.ai/v1/chat/completions "HTTP/1.1 200 OK"
2026-10-09 02:19:11,199 INFO httpx: HTTP Request: POST https://api.opentyphoon.ai/v1/chat/completions "HTTP/1.1 200 OK"
2026-10-09 02:19:11,211 INFO httpx: HTTP Request: POST https://api.iapp.co.th/v3/store/openthai/systemone "HTTP/1.1 200 OK"
2026-10-09 02:19:25,841 INFO httpx: HTTP Request: POST https://api.iapp.co.th/v3/store/openthai/systemone "HTTP/1.1 200 OK"
2026-10-09 02:19:25,859 INFO httpx: HTTP Request: POST https://api.opentyphoon.ai/v1/chat/completions "HTTP/1.1 200 OK"
2026-10-09 02:19:25,871 INFO httpx: HTTP Request: POST https://api.opentyphoon.ai/v1/chat/completions "HTTP/1.1 200 OK"
2026-10-09 02:19:25,883 INFO httpx: HTTP Request: POST https://api.opentyphoon.ai/v1/chat/completions "HTTP/1.1 200 OK"
2026-10-09 02:19:25,893 INFO httpx: HTTP Request: POST https://api.iapp.co.th/v3/store/openthai/systemone "HTTP/1.1 200 OK"
